Archive member included to satisfy reference by file (symbol)

c:/program files (x86)/atmel/studio/7.0/toolchain/arm/arm-gnu-toolchain/bin/../lib/gcc/arm-none-eabi/5.3.1/../../../../arm-none-eabi/lib/armv7e-m\libc.a(lib_a-exit.o)
                              c:/program files (x86)/atmel/studio/7.0/toolchain/arm/arm-gnu-toolchain/bin/../lib/gcc/arm-none-eabi/5.3.1/../../../../arm-none-eabi/lib/armv7e-m/crt0.o (exit)
c:/program files (x86)/atmel/studio/7.0/toolchain/arm/arm-gnu-toolchain/bin/../lib/gcc/arm-none-eabi/5.3.1/../../../../arm-none-eabi/lib/armv7e-m\libc.a(lib_a-impure.o)
                              c:/program files (x86)/atmel/studio/7.0/toolchain/arm/arm-gnu-toolchain/bin/../lib/gcc/arm-none-eabi/5.3.1/../../../../arm-none-eabi/lib/armv7e-m\libc.a(lib_a-exit.o) (_global_impure_ptr)
c:/program files (x86)/atmel/studio/7.0/toolchain/arm/arm-gnu-toolchain/bin/../lib/gcc/arm-none-eabi/5.3.1/../../../../arm-none-eabi/lib/armv7e-m\libc.a(lib_a-init.o)
                              c:/program files (x86)/atmel/studio/7.0/toolchain/arm/arm-gnu-toolchain/bin/../lib/gcc/arm-none-eabi/5.3.1/../../../../arm-none-eabi/lib/armv7e-m/crt0.o (__libc_init_array)
c:/program files (x86)/atmel/studio/7.0/toolchain/arm/arm-gnu-toolchain/bin/../lib/gcc/arm-none-eabi/5.3.1/../../../../arm-none-eabi/lib/armv7e-m\libc.a(lib_a-iprintf.o)
                              src/main.o (iprintf)
c:/program files (x86)/atmel/studio/7.0/toolchain/arm/arm-gnu-toolchain/bin/../lib/gcc/arm-none-eabi/5.3.1/../../../../arm-none-eabi/lib/armv7e-m\libc.a(lib_a-memset.o)
                              c:/program files (x86)/atmel/studio/7.0/toolchain/arm/arm-gnu-toolchain/bin/../lib/gcc/arm-none-eabi/5.3.1/../../../../arm-none-eabi/lib/armv7e-m/crt0.o (memset)
c:/program files (x86)/atmel/studio/7.0/toolchain/arm/arm-gnu-toolchain/bin/../lib/gcc/arm-none-eabi/5.3.1/../../../../arm-none-eabi/lib/armv7e-m\libc.a(lib_a-puts.o)
                              src/main.o (puts)
c:/program files (x86)/atmel/studio/7.0/toolchain/arm/arm-gnu-toolchain/bin/../lib/gcc/arm-none-eabi/5.3.1/../../../../arm-none-eabi/lib/armv7e-m\libc.a(lib_a-setbuf.o)
                              src/main.o (setbuf)
c:/program files (x86)/atmel/studio/7.0/toolchain/arm/arm-gnu-toolchain/bin/../lib/gcc/arm-none-eabi/5.3.1/../../../../arm-none-eabi/lib/armv7e-m\libc.a(lib_a-setvbuf.o)
                              c:/program files (x86)/atmel/studio/7.0/toolchain/arm/arm-gnu-toolchain/bin/../lib/gcc/arm-none-eabi/5.3.1/../../../../arm-none-eabi/lib/armv7e-m\libc.a(lib_a-setbuf.o) (setvbuf)
c:/program files (x86)/atmel/studio/7.0/toolchain/arm/arm-gnu-toolchain/bin/../lib/gcc/arm-none-eabi/5.3.1/../../../../arm-none-eabi/lib/armv7e-m\libc.a(lib_a-strlen.o)
                              c:/program files (x86)/atmel/studio/7.0/toolchain/arm/arm-gnu-toolchain/bin/../lib/gcc/arm-none-eabi/5.3.1/../../../../arm-none-eabi/lib/armv7e-m\libc.a(lib_a-puts.o) (strlen)
c:/program files (x86)/atmel/studio/7.0/toolchain/arm/arm-gnu-toolchain/bin/../lib/gcc/arm-none-eabi/5.3.1/../../../../arm-none-eabi/lib/armv7e-m\libc.a(lib_a-vfiprintf.o)
                              c:/program files (x86)/atmel/studio/7.0/toolchain/arm/arm-gnu-toolchain/bin/../lib/gcc/arm-none-eabi/5.3.1/../../../../arm-none-eabi/lib/armv7e-m\libc.a(lib_a-iprintf.o) (_vfiprintf_r)
c:/program files (x86)/atmel/studio/7.0/toolchain/arm/arm-gnu-toolchain/bin/../lib/gcc/arm-none-eabi/5.3.1/../../../../arm-none-eabi/lib/armv7e-m\libc.a(lib_a-wsetup.o)
                              c:/program files (x86)/atmel/studio/7.0/toolchain/arm/arm-gnu-toolchain/bin/../lib/gcc/arm-none-eabi/5.3.1/../../../../arm-none-eabi/lib/armv7e-m\libc.a(lib_a-vfiprintf.o) (__swsetup_r)
c:/program files (x86)/atmel/studio/7.0/toolchain/arm/arm-gnu-toolchain/bin/../lib/gcc/arm-none-eabi/5.3.1/../../../../arm-none-eabi/lib/armv7e-m\libc.a(lib_a-__call_atexit.o)
                              c:/program files (x86)/atmel/studio/7.0/toolchain/arm/arm-gnu-toolchain/bin/../lib/gcc/arm-none-eabi/5.3.1/../../../../arm-none-eabi/lib/armv7e-m\libc.a(lib_a-exit.o) (__call_exitprocs)
c:/program files (x86)/atmel/studio/7.0/toolchain/arm/arm-gnu-toolchain/bin/../lib/gcc/arm-none-eabi/5.3.1/../../../../arm-none-eabi/lib/armv7e-m\libc.a(lib_a-atexit.o)
                              c:/program files (x86)/atmel/studio/7.0/toolchain/arm/arm-gnu-toolchain/bin/../lib/gcc/arm-none-eabi/5.3.1/../../../../arm-none-eabi/lib/armv7e-m\libc.a(lib_a-__call_atexit.o) (atexit)
c:/program files (x86)/atmel/studio/7.0/toolchain/arm/arm-gnu-toolchain/bin/../lib/gcc/arm-none-eabi/5.3.1/../../../../arm-none-eabi/lib/armv7e-m\libc.a(lib_a-fflush.o)
                              c:/program files (x86)/atmel/studio/7.0/toolchain/arm/arm-gnu-toolchain/bin/../lib/gcc/arm-none-eabi/5.3.1/../../../../arm-none-eabi/lib/armv7e-m\libc.a(lib_a-setvbuf.o) (_fflush_r)
[...]
Memory Configuration

Name             Origin             Length             Attributes
rom              0x00400000         0x00200000         xr
ram              0x20400000         0x00060000         xrw
*default*        0x00000000         0xffffffff

Linker script and memory map

LOAD c:/program files (x86)/atmel/studio/7.0/toolchain/arm/arm-gnu-toolchain/bin/../lib/gcc/arm-none-eabi/5.3.1/armv7e-m/crti.o
LOAD c:/program files (x86)/atmel/studio/7.0/toolchain/arm/arm-gnu-toolchain/bin/../lib/gcc/arm-none-eabi/5.3.1/armv7e-m/crtbegin.o
LOAD c:/program files (x86)/atmel/studio/7.0/toolchain/arm/arm-gnu-toolchain/bin/../lib/gcc/arm-none-eabi/5.3.1/../../../../arm-none-eabi/lib/armv7e-m/crt0.o
LOAD src/main.o
LOAD src/ASF/common/services/delay/sam/cycle_counter.o
LOAD src/ASF/sam/drivers/rtc/rtc.o
LOAD src/ASF/sam/drivers/tc/tc.o
LOAD src/ASF/common/services/clock/same70/sysclk.o
LOAD src/ASF/common/services/serial/usart_serial.o
LOAD src/ASF/common/services/sleepmgr/sam/sleepmgr.o
LOAD src/ASF/common/utils/interrupt/interrupt_sam_nvic.o
LOAD src/ASF/common/utils/stdio/read.o
LOAD src/ASF/common/utils/stdio/write.o
LOAD src/ASF/sam/boards/same70_xplained/init.o
LOAD src/ASF/sam/drivers/afec/afec.o
LOAD src/ASF/sam/drivers/mpu/mpu.o
LOAD src/ASF/sam/drivers/pio/pio.o
LOAD src/ASF/sam/drivers/pio/pio_handler.o
LOAD src/ASF/sam/drivers/pmc/pmc.o
LOAD src/ASF/sam/drivers/pmc/sleep.o
LOAD src/ASF/sam/drivers/uart/uart.o
LOAD src/ASF/sam/drivers/usart/usart.o
LOAD src/ASF/sam/utils/cmsis/same70/source/templates/gcc/startup_same70.o
LOAD src/ASF/sam/utils/cmsis/same70/source/templates/system_same70.o
LOAD src/ASF/sam/utils/syscalls/gcc/syscalls.o
START GROUP
LOAD ../src/ASF/thirdparty/CMSIS/Lib/GCC\libarm_cortexM7lfsp_math_softfp.a
LOAD c:/program files (x86)/atmel/studio/7.0/toolchain/arm/arm-gnu-toolchain/bin/../lib/gcc/arm-none-eabi/5.3.1/../../../../arm-none-eabi/lib/armv7e-m\libm.a
END GROUP
START GROUP
LOAD c:/program files (x86)/atmel/studio/7.0/toolchain/arm/arm-gnu-toolchain/bin/../lib/gcc/arm-none-eabi/5.3.1/armv7e-m\libgcc.a
LOAD c:/program files (x86)/atmel/studio/7.0/toolchain/arm/arm-gnu-toolchain/bin/../lib/gcc/arm-none-eabi/5.3.1/../../../../arm-none-eabi/lib/armv7e-m\libc.a
END GROUP
LOAD c:/program files (x86)/atmel/studio/7.0/toolchain/arm/arm-gnu-toolchain/bin/../lib/gcc/arm-none-eabi/5.3.1/armv7e-m/crtend.o
LOAD c:/program files (x86)/atmel/studio/7.0/toolchain/arm/arm-gnu-toolchain/bin/../lib/gcc/arm-none-eabi/5.3.1/armv7e-m/crtn.o
                0x00002000                STACK_SIZE = DEFINED (STACK_SIZE)?STACK_SIZE:0x2000
                0x2045fffc                __ram_end__ = ((ORIGIN (ram) + LENGTH (ram)) - 0x4)
                0x00000200                HEAP_SIZE = DEFINED (HEAP_SIZE)?HEAP_SIZE:0x200

.text           0x00400000     0x4300
                0x00400000                . = ALIGN (0x4)
                0x00400000                _sfixed = .
 *(.vectors .vectors.*)
 .vectors       0x00400000      0x140 src/ASF/sam/utils/cmsis/same70/source/templates/gcc/startup_same70.o
                0x00400000                exception_table
 *(.text .text.* .gnu.linkonce.t.*)
 .text          0x00400140       0x5c c:/program files (x86)/atmel/studio/7.0/toolchain/arm/arm-gnu-toolchain/bin/../lib/gcc/arm-none-eabi/5.3.1/armv7e-m/crtbegin.o
 .text.AFEC_Temp_callback
                0x0040019c       0x20 src/main.o
 .text.usart_serial_getchar
                0x004001bc       0xd8 src/main.o
 .text.usart_serial_putchar
                0x00400294       0xd4 src/main.o
 .text.TC1_Handler
                0x00400368       0x20 src/main.o
                0x00400368                TC1_Handler
 .text.RTC_Handler
                0x00400388       0x24 src/main.o
                0x00400388                RTC_Handler
 .text.main     0x004003ac      0x1c4 src/main.o
                0x004003ac                main
 .text.rtc_get_status
                0x00400570        0x4 src/ASF/sam/drivers/rtc/rtc.o
                0x00400570                rtc_get_status
 .text.rtc_clear_status
                0x00400574        0x4 src/ASF/sam/drivers/rtc/rtc.o
                0x00400574                rtc_clear_status
 .text.tc_get_status
                0x00400578        0x8 src/ASF/sam/drivers/tc/tc.o
                0x00400578                tc_get_status
 .text.sysclk_init
                0x00400580       0x70 src/ASF/common/services/clock/same70/sysclk.o
                0x00400580                sysclk_init
 .text._read    0x004005f0       0x3c src/ASF/common/utils/stdio/read.o
                0x004005f0                _read
 .text._write   0x0040062c       0x50 src/ASF/common/utils/stdio/write.o
                0x0040062c                _write
 .text.board_init
                0x0040067c      0x184 src/ASF/sam/boards/same70_xplained/init.o
                0x0040067c                board_init
 .text.afec_process_callback
                0x00400800       0x80 src/ASF/sam/drivers/afec/afec.o
 .text.afec_ch_set_config
                0x00400880       0x30 src/ASF/sam/drivers/afec/afec.o
                0x00400880                afec_ch_set_config
 .text.afec_temp_sensor_set_config
                0x004008b0       0x14 src/ASF/sam/drivers/afec/afec.o
                0x004008b0                afec_temp_sensor_set_config
 .text.afec_get_config_defaults
                0x004008c4       0x30 src/ASF/sam/drivers/afec/afec.o
                0x004008c4                afec_get_config_defaults
 .text.afec_ch_get_config_defaults
                0x004008f4        0xc src/ASF/sam/drivers/afec/afec.o
                0x004008f4                afec_ch_get_config_defaults
 .text.afec_temp_sensor_get_config_defaults
                0x00400900       0x14 src/ASF/sam/drivers/afec/afec.o
                0x00400900                afec_temp_sensor_get_config_defaults
 .text.afec_init
                0x00400914       0xc8 src/ASF/sam/drivers/afec/afec.o
                0x00400914                afec_init
 .text.afec_enable_interrupt
                0x004009dc       0x38 src/ASF/sam/drivers/afec/afec.o
                0x004009dc                afec_enable_interrupt
 .text.afec_set_callback
                0x00400a14       0x58 src/ASF/sam/drivers/afec/afec.o
                0x00400a14                afec_set_callback
 .text.AFEC0_Handler
                0x00400a6c       0x14 src/ASF/sam/drivers/afec/afec.o
                0x00400a6c                AFEC0_Handler
 .text.AFEC1_Handler
                0x00400a80       0x14 src/ASF/sam/drivers/afec/afec.o
                0x00400a80                AFEC1_Handler
 .text.afec_enable
                0x00400a94       0x64 src/ASF/sam/drivers/afec/afec.o
                0x00400a94                afec_enable
 .text.pio_get_interrupt_status
                0x00400af8        0x4 src/ASF/sam/drivers/pio/pio.o
                0x00400af8                pio_get_interrupt_status
 .text.pio_get_interrupt_mask
                0x00400afc        0x4 src/ASF/sam/drivers/pio/pio.o
                0x00400afc                pio_get_interrupt_mask
 .text.pio_handler_process
                0x00400b00       0x50 src/ASF/sam/drivers/pio/pio_handler.o
                0x00400b00                pio_handler_process
 .text.PIOA_Handler
                0x00400b50       0x14 src/ASF/sam/drivers/pio/pio_handler.o
                0x00400b50                PIOA_Handler
 .text.PIOB_Handler
                0x00400b64       0x14 src/ASF/sam/drivers/pio/pio_handler.o
                0x00400b64                PIOB_Handler
 .text.PIOC_Handler
                0x00400b78       0x14 src/ASF/sam/drivers/pio/pio_handler.o
                0x00400b78                PIOC_Handler
 .text.PIOD_Handler
                0x00400b8c       0x14 src/ASF/sam/drivers/pio/pio_handler.o
                0x00400b8c                PIOD_Handler
 .text.PIOE_Handler
                0x00400ba0       0x14 src/ASF/sam/drivers/pio/pio_handler.o
                0x00400ba0                PIOE_Handler
 .text.pmc_mck_set_division
                0x00400bb4       0x3c src/ASF/sam/drivers/pmc/pmc.o
                0x00400bb4                pmc_mck_set_division
 .text.pmc_switch_mck_to_pllack
                0x00400bf0       0x68 src/ASF/sam/drivers/pmc/pmc.o
                0x00400bf0                pmc_switch_mck_to_pllack
 .text.pmc_switch_mainck_to_xtal
                0x00400c58       0x54 src/ASF/sam/drivers/pmc/pmc.o
                0x00400c58                pmc_switch_mainck_to_xtal
 .text.pmc_osc_is_ready_mainck
                0x00400cac       0x10 src/ASF/sam/drivers/pmc/pmc.o
                0x00400cac                pmc_osc_is_ready_mainck
 .text.pmc_disable_pllack
                0x00400cbc       0x10 src/ASF/sam/drivers/pmc/pmc.o
                0x00400cbc                pmc_disable_pllack
 .text.pmc_is_locked_pllack
                0x00400ccc       0x10 src/ASF/sam/drivers/pmc/pmc.o
                0x00400ccc                pmc_is_locked_pllack
 .text.pmc_enable_periph_clk
                0x00400cdc       0x54 src/ASF/sam/drivers/pmc/pmc.o
                0x00400cdc                pmc_enable_periph_clk
 .text.uart_write
                0x00400d30       0x14 src/ASF/sam/drivers/uart/uart.o
                0x00400d30                uart_write
 .text.uart_read
                0x00400d44       0x14 src/ASF/sam/drivers/uart/uart.o
                0x00400d44                uart_read
 .text.usart_set_async_baudrate
                0x00400d58       0x60 src/ASF/sam/drivers/usart/usart.o
                0x00400d58                usart_set_async_baudrate
 .text.usart_reset
                0x00400db8       0x28 src/ASF/sam/drivers/usart/usart.o
                0x00400db8                usart_reset
 .text.usart_init_rs232
                0x00400de0       0x54 src/ASF/sam/drivers/usart/usart.o
                0x00400de0                usart_init_rs232
 .text.usart_enable_tx
                0x00400e34        0x8 src/ASF/sam/drivers/usart/usart.o
                0x00400e34                usart_enable_tx
 .text.usart_enable_rx
                0x00400e3c        0x8 src/ASF/sam/drivers/usart/usart.o
                0x00400e3c                usart_enable_rx
 .text.usart_write
                0x00400e44       0x18 src/ASF/sam/drivers/usart/usart.o
                0x00400e44                usart_write
 .text.usart_read
                0x00400e5c       0x18 src/ASF/sam/drivers/usart/usart.o
                0x00400e5c                usart_read
 .text.Dummy_Handler
                0x00400e74        0x4 src/ASF/sam/utils/cmsis/same70/source/templates/gcc/startup_same70.o
                0x00400e74                DACC_Handler
                0x00400e74                DebugMon_Handler
                0x00400e74                UART3_Handler
                0x00400e74                UART2_Handler
                0x00400e74                TRNG_Handler
                0x00400e74                HardFault_Handler
                0x00400e74                TC2_Handler
                0x00400e74                SysTick_Handler
                0x00400e74                PendSV_Handler
                0x00400e74                NMI_Handler
                0x00400e74                TC7_Handler
                0x00400e74                QSPI_Handler
                0x00400e74                ISI_Handler
                0x00400e74                TC9_Handler
                0x00400e74                RSWDT_Handler
                0x00400e74                MCAN1_Handler
                0x00400e74                USART0_Handler
                0x00400e74                RTT_Handler
                0x00400e74                USBHS_Handler
                0x00400e74                UsageFault_Handler
                0x00400e74                TC6_Handler
                0x00400e74                WDT_Handler
                0x00400e74                TC4_Handler
                0x00400e74                HSMCI_Handler
                0x00400e74                UART1_Handler
                0x00400e74                TC3_Handler
                0x00400e74                Dummy_Handler
                0x00400e74                TWIHS1_Handler
                0x00400e74                XDMAC_Handler
                0x00400e74                UART4_Handler
                0x00400e74                PWM1_Handler
                0x00400e74                USART1_Handler
                0x00400e74                PWM0_Handler
                0x00400e74                SSC_Handler
                0x00400e74                TC11_Handler
                0x00400e74                ACC_Handler
                0x00400e74                PMC_Handler
                0x00400e74                GMAC_Handler
                0x00400e74                MemManage_Handler
                0x00400e74                SUPC_Handler
                0x00400e74                SVC_Handler
                0x00400e74                TC8_Handler
                0x00400e74                EFC_Handler
                0x00400e74                USART2_Handler
                0x00400e74                SDRAMC_Handler
                0x00400e74                SPI1_Handler
                0x00400e74                MCAN0_Handler
                0x00400e74                TC10_Handler
                0x00400e74                TWIHS2_Handler
                0x00400e74                UART0_Handler
                0x00400e74                BusFault_Handler
                0x00400e74                RSTC_Handler
                0x00400e74                TC0_Handler
                0x00400e74                TC5_Handler
                0x00400e74                ICM_Handler
                0x00400e74                AES_Handler
                0x00400e74                TWIHS0_Handler
                0x00400e74                SPI0_Handler
 .text.Reset_Handler
                0x00400e78       0xdc src/ASF/sam/utils/cmsis/same70/source/templates/gcc/startup_same70.o
                0x00400e78                Reset_Handler
 .text.SystemCoreClockUpdate
                0x00400f54      0x110 src/ASF/sam/utils/cmsis/same70/source/templates/system_same70.o
                0x00400f54                SystemCoreClockUpdate
 .text.system_init_flash
                0x00401064       0x8c src/ASF/sam/utils/cmsis/same70/source/templates/system_same70.o
                0x00401064                system_init_flash
 .text._sbrk    0x004010f0       0x34 src/ASF/sam/utils/syscalls/gcc/syscalls.o
                0x004010f0                _sbrk
 .text._close   0x00401124        0x8 src/ASF/sam/utils/syscalls/gcc/syscalls.o
                0x00401124                _close
 .text._fstat   0x0040112c        0xc src/ASF/sam/utils/syscalls/gcc/syscalls.o
                0x0040112c                _fstat
 .text._isatty  0x00401138        0x4 src/ASF/sam/utils/syscalls/gcc/syscalls.o
                0x00401138                _isatty
 .text._lseek   0x0040113c        0x4 src/ASF/sam/utils/syscalls/gcc/syscalls.o
                0x0040113c                _lseek
 .text.__libc_init_array
                0x00401140       0x50 c:/program files (x86)/atmel/studio/7.0/toolchain/arm/arm-gnu-toolchain/bin/../lib/gcc/arm-none-eabi/5.3.1/../../../../arm-none-eabi/lib/armv7e-m\libc.a(lib_a-init.o)
                0x00401140                __libc_init_array
 .text.iprintf  0x00401190       0x28 c:/program files (x86)/atmel/studio/7.0/toolchain/arm/arm-gnu-toolchain/bin/../lib/gcc/arm-none-eabi/5.3.1/../../../../arm-none-eabi/lib/armv7e-m\libc.a(lib_a-iprintf.o)
                0x00401190                iprintf
 .text.memset   0x004011b8       0x9c c:/program files (x86)/atmel/studio/7.0/toolchain/arm/arm-gnu-toolchain/bin/../lib/gcc/arm-none-eabi/5.3.1/../../../../arm-none-eabi/lib/armv7e-m\libc.a(lib_a-memset.o)
                0x004011b8                memset
 .text._puts_r  0x00401254       0x68 c:/program files (x86)/atmel/studio/7.0/toolchain/arm/arm-gnu-toolchain/bin/../lib/gcc/arm-none-eabi/5.3.1/../../../../arm-none-eabi/lib/armv7e-m\libc.a(lib_a-puts.o)
                0x00401254                _puts_r
 .text.puts     0x004012bc       0x10 c:/program files (x86)/atmel/studio/7.0/toolchain/arm/arm-gnu-toolchain/bin/../lib/gcc/arm-none-eabi/5.3.1/../../../../arm-none-eabi/lib/armv7e-m\libc.a(lib_a-puts.o)
                0x004012bc                puts
 .text.setbuf   0x004012cc       0x10 c:/program files (x86)/atmel/studio/7.0/toolchain/arm/arm-gnu-toolchain/bin/../lib/gcc/arm-none-eabi/5.3.1/../../../../arm-none-eabi/lib/armv7e-m\libc.a(lib_a-setbuf.o)
                0x004012cc                setbuf
 .text.setvbuf  0x004012dc      0x150 c:/program files (x86)/atmel/studio/7.0/toolchain/arm/arm-gnu-toolchain/bin/../lib/gcc/arm-none-eabi/5.3.1/../../../../arm-none-eabi/lib/armv7e-m\libc.a(lib_a-setvbuf.o)
                0x004012dc                setvbuf
 *fill*         0x0040142c       0x14 
 .text          0x00401440       0xdc c:/program files (x86)/atmel/studio/7.0/toolchain/arm/arm-gnu-toolchain/bin/../lib/gcc/arm-none-eabi/5.3.1/../../../../arm-none-eabi/lib/armv7e-m\libc.a(lib_a-strlen.o)
                0x00401440                strlen
 .text.__sprint_r.part.0
                0x0040151c       0x78 c:/program files (x86)/atmel/studio/7.0/toolchain/arm/arm-gnu-toolchain/bin/../lib/gcc/arm-none-eabi/5.3.1/../../../../arm-none-eabi/lib/armv7e-m\libc.a(lib_a-vfiprintf.o)
 .text._vfiprintf_r
                0x00401594      0xdfc c:/program files (x86)/atmel/studio/7.0/toolchain/arm/arm-gnu-toolchain/bin/../lib/gcc/arm-none-eabi/5.3.1/../../../../arm-none-eabi/lib/armv7e-m\libc.a(lib_a-vfiprintf.o)
                0x00401594                _vfiprintf_r
 .text.__sbprintf
                0x00402390       0x6c c:/program files (x86)/atmel/studio/7.0/toolchain/arm/arm-gnu-toolchain/bin/../lib/gcc/arm-none-eabi/5.3.1/../../../../arm-none-eabi/lib/armv7e-m\libc.a(lib_a-vfiprintf.o)
 .text.__swsetup_r
                0x004023fc       0xc8 c:/program files (x86)/atmel/studio/7.0/toolchain/arm/arm-gnu-toolchain/bin/../lib/gcc/arm-none-eabi/5.3.1/../../../../arm-none-eabi/lib/armv7e-m\libc.a(lib_a-wsetup.o)
                0x004023fc                __swsetup_r
 .text.startup.register_fini
                0x004024c4       0x14 c:/program files (x86)/atmel/studio/7.0/toolchain/arm/arm-gnu-toolchain/bin/../lib/gcc/arm-none-eabi/5.3.1/../../../../arm-none-eabi/lib/armv7e-m\libc.a(lib_a-__call_atexit.o)
 .text.atexit   0x004024d8        0xc c:/program files (x86)/atmel/studio/7.0/toolchain/arm/arm-gnu-toolchain/bin/../lib/gcc/arm-none-eabi/5.3.1/../../../../arm-none-eabi/lib/armv7e-m\libc.a(lib_a-atexit.o)
                0x004024d8                atexit
 .text.__sflush_r
                0x004024e4      0x148 c:/program files (x86)/atmel/studio/7.0/toolchain/arm/arm-gnu-toolchain/bin/../lib/gcc/arm-none-eabi/5.3.1/../../../../arm-none-eabi/lib/armv7e-m\libc.a(lib_a-fflush.o)
                0x004024e4                __sflush_r
 .text._fflush_r
                0x0040262c       0x2c c:/program files (x86)/atmel/studio/7.0/toolchain/arm/arm-gnu-toolchain/bin/../lib/gcc/arm-none-eabi/5.3.1/../../../../arm-none-eabi/lib/armv7e-m\libc.a(lib_a-fflush.o)
                0x0040262c                _fflush_r
 .text._cleanup_r
                0x00402658        0xc c:/program files (x86)/atmel/studio/7.0/toolchain/arm/arm-gnu-toolchain/bin/../lib/gcc/arm-none-eabi/5.3.1/../../../../arm-none-eabi/lib/armv7e-m\libc.a(lib_a-findfp.o)
                0x00402658                _cleanup_r
 .text.__sinit.part.1
                0x00402664       0xf0 c:/program files (x86)/atmel/studio/7.0/toolchain/arm/arm-gnu-toolchain/bin/../lib/gcc/arm-none-eabi/5.3.1/../../../../arm-none-eabi/lib/armv7e-m\libc.a(lib_a-findfp.o)
 .text.__sinit  0x00402754        0xc c:/program files (x86)/atmel/studio/7.0/toolchain/arm/arm-gnu-toolchain/bin/../lib/gcc/arm-none-eabi/5.3.1/../../../../arm-none-eabi/lib/armv7e-m\libc.a(lib_a-findfp.o)
                0x00402754                __sinit
 .text.__sfp_lock_acquire
                0x00402760        0x4 c:/program files (x86)/atmel/studio/7.0/toolchain/arm/arm-gnu-toolchain/bin/../lib/gcc/arm-none-eabi/5.3.1/../../../../arm-none-eabi/lib/armv7e-m\libc.a(lib_a-findfp.o)
                0x00402760                __sfp_lock_acquire
 .text.__sfp_lock_release
                0x00402764        0x4 c:/program files (x86)/atmel/studio/7.0/toolchain/arm/arm-gnu-toolchain/bin/../lib/gcc/arm-none-eabi/5.3.1/../../../../arm-none-eabi/lib/armv7e-m\libc.a(lib_a-findfp.o)
                0x00402764                __sfp_lock_release
 .text.__libc_fini_array
                0x00402768       0x28 c:/program files (x86)/atmel/studio/7.0/toolchain/arm/arm-gnu-toolchain/bin/../lib/gcc/arm-none-eabi/5.3.1/../../../../arm-none-eabi/lib/armv7e-m\libc.a(lib_a-fini.o)
                0x00402768                __libc_fini_array
 .text.__fputwc
                0x00402790       0x98 c:/program files (x86)/atmel/studio/7.0/toolchain/arm/arm-gnu-toolchain/bin/../lib/gcc/arm-none-eabi/5.3.1/../../../../arm-none-eabi/lib/armv7e-m\libc.a(lib_a-fputwc.o)
                0x00402790                __fputwc
 .text._fputwc_r
                0x00402828       0x24 c:/program files (x86)/atmel/studio/7.0/toolchain/arm/arm-gnu-toolchain/bin/../lib/gcc/arm-none-eabi/5.3.1/../../../../arm-none-eabi/lib/armv7e-m\libc.a(lib_a-fputwc.o)
                0x00402828                _fputwc_r
 .text._malloc_trim_r
                0x0040284c       0x9c c:/program files (x86)/atmel/studio/7.0/toolchain/arm/arm-gnu-toolchain/bin/../lib/gcc/arm-none-eabi/5.3.1/../../../../arm-none-eabi/lib/armv7e-m\libc.a(lib_a-freer.o)
                0x0040284c                _malloc_trim_r
 .text._free_r  0x004028e8      0x1d0 c:/program files (x86)/atmel/studio/7.0/toolchain/arm/arm-gnu-toolchain/bin/../lib/gcc/arm-none-eabi/5.3.1/../../../../arm-none-eabi/lib/armv7e-m\libc.a(lib_a-freer.o)
                0x004028e8                _free_r
 .text.__sfvwrite_r
                0x00402ab8      0x304 c:/program files (x86)/atmel/studio/7.0/toolchain/arm/arm-gnu-toolchain/bin/../lib/gcc/arm-none-eabi/5.3.1/../../../../arm-none-eabi/lib/armv7e-m\libc.a(lib_a-fvwrite.o)
                0x00402ab8                __sfvwrite_r
 .text._fwalk_reent
                0x00402dbc       0x54 c:/program files (x86)/atmel/studio/7.0/toolchain/arm/arm-gnu-toolchain/bin/../lib/gcc/arm-none-eabi/5.3.1/../../../../arm-none-eabi/lib/armv7e-m\libc.a(lib_a-fwalk.o)
                0x00402dbc                _fwalk_reent
 .text.__locale_charset
                0x00402e10        0x8 c:/program files (x86)/atmel/studio/7.0/toolchain/arm/arm-gnu-toolchain/bin/../lib/gcc/arm-none-eabi/5.3.1/../../../../arm-none-eabi/lib/armv7e-m\libc.a(lib_a-locale.o)
                0x00402e10                __locale_charset
 .text.__locale_mb_cur_max
                0x00402e18        0xc c:/program files (x86)/atmel/studio/7.0/toolchain/arm/arm-gnu-toolchain/bin/../lib/gcc/arm-none-eabi/5.3.1/../../../../arm-none-eabi/lib/armv7e-m\libc.a(lib_a-locale.o)
                0x00402e18                __locale_mb_cur_max
 .text.__swhatbuf_r
                0x00402e24       0x60 c:/program files (x86)/atmel/studio/7.0/toolchain/arm/arm-gnu-toolchain/bin/../lib/gcc/arm-none-eabi/5.3.1/../../../../arm-none-eabi/lib/armv7e-m\libc.a(lib_a-makebuf.o)
                0x00402e24                __swhatbuf_r
 .text.__smakebuf_r
                0x00402e84       0x88 c:/program files (x86)/atmel/studio/7.0/toolchain/arm/arm-gnu-toolchain/bin/../lib/gcc/arm-none-eabi/5.3.1/../../../../arm-none-eabi/lib/armv7e-m\libc.a(lib_a-makebuf.o)
                0x00402e84                __smakebuf_r
 .text.malloc   0x00402f0c       0x10 c:/program files (x86)/atmel/studio/7.0/toolchain/arm/arm-gnu-toolchain/bin/../lib/gcc/arm-none-eabi/5.3.1/../../../../arm-none-eabi/lib/armv7e-m\libc.a(lib_a-malloc.o)
                0x00402f0c                malloc
 .text._malloc_r
                0x00402f1c      0x570 c:/program files (x86)/atmel/studio/7.0/toolchain/arm/arm-gnu-toolchain/bin/../lib/gcc/arm-none-eabi/5.3.1/../../../../arm-none-eabi/lib/armv7e-m\libc.a(lib_a-mallocr.o)
                0x00402f1c                _malloc_r
 *fill*         0x0040348c        0x4 
 .text          0x00403490       0xa0 c:/program files (x86)/atmel/studio/7.0/toolchain/arm/arm-gnu-toolchain/bin/../lib/gcc/arm-none-eabi/5.3.1/../../../../arm-none-eabi/lib/armv7e-m\libc.a(lib_a-memchr.o)
                0x00403490                memchr
 .text          0x00403530      0x134 c:/program files (x86)/atmel/studio/7.0/toolchain/arm/arm-gnu-toolchain/bin/../lib/gcc/arm-none-eabi/5.3.1/../../../../arm-none-eabi/lib/armv7e-m\libc.a(lib_a-memcpy.o)
                0x00403530                memcpy
 .text.memmove  0x00403664       0xc8 c:/program files (x86)/atmel/studio/7.0/toolchain/arm/arm-gnu-toolchain/bin/../lib/gcc/arm-none-eabi/5.3.1/../../../../arm-none-eabi/lib/armv7e-m\libc.a(lib_a-memmove.o)
                0x00403664                memmove
 .text.__malloc_lock
                0x0040372c        0x4 c:/program files (x86)/atmel/studio/7.0/toolchain/arm/arm-gnu-toolchain/bin/../lib/gcc/arm-none-eabi/5.3.1/../../../../arm-none-eabi/lib/armv7e-m\libc.a(lib_a-mlock.o)
                0x0040372c                __malloc_lock
 .text.__malloc_unlock
                0x00403730        0x4 c:/program files (x86)/atmel/studio/7.0/toolchain/arm/arm-gnu-toolchain/bin/../lib/gcc/arm-none-eabi/5.3.1/../../../../arm-none-eabi/lib/armv7e-m\libc.a(lib_a-mlock.o)
                0x00403730                __malloc_unlock
 .text._realloc_r
                0x00403734      0x3e0 c:/program files (x86)/atmel/studio/7.0/toolchain/arm/arm-gnu-toolchain/bin/../lib/gcc/arm-none-eabi/5.3.1/../../../../arm-none-eabi/lib/armv7e-m\libc.a(lib_a-reallocr.o)
                0x00403734                _realloc_r
 .text._sbrk_r  0x00403b14       0x24 c:/program files (x86)/atmel/studio/7.0/toolchain/arm/arm-gnu-toolchain/bin/../lib/gcc/arm-none-eabi/5.3.1/../../../../arm-none-eabi/lib/armv7e-m\libc.a(lib_a-sbrkr.o)
                0x00403b14                _sbrk_r
 .text.__sread  0x00403b38       0x24 c:/program files (x86)/atmel/studio/7.0/toolchain/arm/arm-gnu-toolchain/bin/../lib/gcc/arm-none-eabi/5.3.1/../../../../arm-none-eabi/lib/armv7e-m\libc.a(lib_a-stdio.o)
                0x00403b38                __sread
 .text.__swrite
                0x00403b5c       0x3c c:/program files (x86)/atmel/studio/7.0/toolchain/arm/arm-gnu-toolchain/bin/../lib/gcc/arm-none-eabi/5.3.1/../../../../arm-none-eabi/lib/armv7e-m\libc.a(lib_a-stdio.o)
                0x00403b5c                __swrite
 .text.__sseek  0x00403b98       0x20 c:/program files (x86)/atmel/studio/7.0/toolchain/arm/arm-gnu-toolchain/bin/../lib/gcc/arm-none-eabi/5.3.1/../../../../arm-none-eabi/lib/armv7e-m\libc.a(lib_a-stdio.o)
                0x00403b98                __sseek
 .text.__sclose
                0x00403bb8        0x8 c:/program files (x86)/atmel/studio/7.0/toolchain/arm/arm-gnu-toolchain/bin/../lib/gcc/arm-none-eabi/5.3.1/../../../../arm-none-eabi/lib/armv7e-m\libc.a(lib_a-stdio.o)
                0x00403bb8                __sclose
 .text.__swbuf_r
                0x00403bc0       0xac c:/program files (x86)/atmel/studio/7.0/toolchain/arm/arm-gnu-toolchain/bin/../lib/gcc/arm-none-eabi/5.3.1/../../../../arm-none-eabi/lib/armv7e-m\libc.a(lib_a-wbuf.o)
                0x00403bc0                __swbuf_r
 .text._wcrtomb_r
                0x00403c6c       0x54 c:/program files (x86)/atmel/studio/7.0/toolchain/arm/arm-gnu-toolchain/bin/../lib/gcc/arm-none-eabi/5.3.1/../../../../arm-none-eabi/lib/armv7e-m\libc.a(lib_a-wcrtomb.o)
                0x00403c6c                _wcrtomb_r
 .text.__ascii_wctomb
                0x00403cc0       0x1c c:/program files (x86)/atmel/studio/7.0/toolchain/arm/arm-gnu-toolchain/bin/../lib/gcc/arm-none-eabi/5.3.1/../../../../arm-none-eabi/lib/armv7e-m\libc.a(lib_a-wctomb_r.o)
                0x00403cc0                __ascii_wctomb
 .text._write_r
                0x00403cdc       0x2c c:/program files (x86)/atmel/studio/7.0/toolchain/arm/arm-gnu-toolchain/bin/../lib/gcc/arm-none-eabi/5.3.1/../../../../arm-none-eabi/lib/armv7e-m\libc.a(lib_a-writer.o)
                0x00403cdc                _write_r
 .text.__register_exitproc
                0x00403d08       0xa4 c:/program files (x86)/atmel/studio/7.0/toolchain/arm/arm-gnu-toolchain/bin/../lib/gcc/arm-none-eabi/5.3.1/../../../../arm-none-eabi/lib/armv7e-m\libc.a(lib_a-__atexit.o)
                0x00403d08                __register_exitproc
 .text._close_r
                0x00403dac       0x24 c:/program files (x86)/atmel/studio/7.0/toolchain/arm/arm-gnu-toolchain/bin/../lib/gcc/arm-none-eabi/5.3.1/../../../../arm-none-eabi/lib/armv7e-m\libc.a(lib_a-closer.o)
                0x00403dac                _close_r
 .text._fclose_r
                0x00403dd0       0x84 c:/program files (x86)/atmel/studio/7.0/toolchain/arm/arm-gnu-toolchain/bin/../lib/gcc/arm-none-eabi/5.3.1/../../../../arm-none-eabi/lib/armv7e-m\libc.a(lib_a-fclose.o)
                0x00403dd0                _fclose_r
 .text._fstat_r
                0x00403e54       0x28 c:/program files (x86)/atmel/studio/7.0/toolchain/arm/arm-gnu-toolchain/bin/../lib/gcc/arm-none-eabi/5.3.1/../../../../arm-none-eabi/lib/armv7e-m\libc.a(lib_a-fstatr.o)
                0x00403e54                _fstat_r
 .text._isatty_r
                0x00403e7c       0x24 c:/program files (x86)/atmel/studio/7.0/toolchain/arm/arm-gnu-toolchain/bin/../lib/gcc/arm-none-eabi/5.3.1/../../../../arm-none-eabi/lib/armv7e-m\libc.a(lib_a-isattyr.o)
                0x00403e7c                _isatty_r
 .text._lseek_r
                0x00403ea0       0x2c c:/program files (x86)/atmel/studio/7.0/toolchain/arm/arm-gnu-toolchain/bin/../lib/gcc/arm-none-eabi/5.3.1/../../../../arm-none-eabi/lib/armv7e-m\libc.a(lib_a-lseekr.o)
                0x00403ea0                _lseek_r
 .text._read_r  0x00403ecc       0x2c c:/program files (x86)/atmel/studio/7.0/toolchain/arm/arm-gnu-toolchain/bin/../lib/gcc/arm-none-eabi/5.3.1/../../../../arm-none-eabi/lib/armv7e-m\libc.a(lib_a-readr.o)
                0x00403ecc                _read_r
 .text          0x00403ef8       0x30 c:/program files (x86)/atmel/studio/7.0/toolchain/arm/arm-gnu-toolchain/bin/../lib/gcc/arm-none-eabi/5.3.1/armv7e-m\libgcc.a(_aeabi_uldivmod.o)
                0x00403ef8                __aeabi_uldivmod
 .text          0x00403f28      0x2e4 c:/program files (x86)/atmel/studio/7.0/toolchain/arm/arm-gnu-toolchain/bin/../lib/gcc/arm-none-eabi/5.3.1/armv7e-m\libgcc.a(_udivmoddi4.o)
                0x00403f28                __udivmoddi4
 .text          0x0040420c        0x4 c:/program files (x86)/atmel/studio/7.0/toolchain/arm/arm-gnu-toolchain/bin/../lib/gcc/arm-none-eabi/5.3.1/armv7e-m\libgcc.a(_dvmd_tls.o)
                0x0040420c                __aeabi_idiv0
                0x0040420c                __aeabi_ldiv0
 *(.glue_7t)
 .glue_7t       0x00404210        0x0 linker stubs
 *(.glue_7)
 .glue_7        0x00404210        0x0 linker stubs
 *(.rodata .rodata* .gnu.linkonce.r.*)
 .rodata.str1.4
                0x00404210       0x6d src/main.o
 *fill*         0x0040427d        0x3 
 .rodata.str1.4
                0x00404280        0x2 c:/program files (x86)/atmel/studio/7.0/toolchain/arm/arm-gnu-toolchain/bin/../lib/gcc/arm-none-eabi/5.3.1/../../../../arm-none-eabi/lib/armv7e-m\libc.a(lib_a-impure.o)
 *fill*         0x00404282        0x2 
 .rodata._global_impure_ptr
                0x00404284        0x4 c:/program files (x86)/atmel/studio/7.0/toolchain/arm/arm-gnu-toolchain/bin/../lib/gcc/arm-none-eabi/5.3.1/../../../../arm-none-eabi/lib/armv7e-m\libc.a(lib_a-impure.o)
                0x00404284                _global_impure_ptr
 .rodata.str1.4
                0x00404288        0x2 c:/program files (x86)/atmel/studio/7.0/toolchain/arm/arm-gnu-toolchain/bin/../lib/gcc/arm-none-eabi/5.3.1/../../../../arm-none-eabi/lib/armv7e-m\libc.a(lib_a-puts.o)
 *fill*         0x0040428a        0x2 
 .rodata.zeroes.6993
                0x0040428c       0x10 c:/program files (x86)/atmel/studio/7.0/toolchain/arm/arm-gnu-toolchain/bin/../lib/gcc/arm-none-eabi/5.3.1/../../../../arm-none-eabi/lib/armv7e-m\libc.a(lib_a-vfiprintf.o)
 .rodata.str1.4
                0x0040429c       0x30 c:/program files (x86)/atmel/studio/7.0/toolchain/arm/arm-gnu-toolchain/bin/../lib/gcc/arm-none-eabi/5.3.1/../../../../arm-none-eabi/lib/armv7e-m\libc.a(lib_a-vfiprintf.o)
                                 0x2f (size before relaxing)
 .rodata.blanks.6992
                0x004042cc       0x10 c:/program files (x86)/atmel/studio/7.0/toolchain/arm/arm-gnu-toolchain/bin/../lib/gcc/arm-none-eabi/5.3.1/../../../../arm-none-eabi/lib/armv7e-m\libc.a(lib_a-vfiprintf.o)
 *(.ARM.extab* .gnu.linkonce.armextab.*)
                0x004042dc                . = ALIGN (0x4)
 *(.init)
 .init          0x004042dc        0x4 c:/program files (x86)/atmel/studio/7.0/toolchain/arm/arm-gnu-toolchain/bin/../lib/gcc/arm-none-eabi/5.3.1/armv7e-m/crti.o
                0x004042dc                _init
 .init          0x004042e0        0x8 c:/program files (x86)/atmel/studio/7.0/toolchain/arm/arm-gnu-toolchain/bin/../lib/gcc/arm-none-eabi/5.3.1/armv7e-m/crtn.o
                0x004042e8                . = ALIGN (0x4)
                0x004042e8                __preinit_array_start = .
 *(.preinit_array)
                0x004042e8                __preinit_array_end = .
                0x004042e8                . = ALIGN (0x4)
                0x004042e8                __init_array_start = .
 *(SORT(.init_array.*))
 .init_array.00000
                0x004042e8        0x4 c:/program files (x86)/atmel/studio/7.0/toolchain/arm/arm-gnu-toolchain/bin/../lib/gcc/arm-none-eabi/5.3.1/../../../../arm-none-eabi/lib/armv7e-m\libc.a(lib_a-__call_atexit.o)
 *(.init_array)
 .init_array    0x004042ec        0x4 c:/program files (x86)/atmel/studio/7.0/toolchain/arm/arm-gnu-toolchain/bin/../lib/gcc/arm-none-eabi/5.3.1/armv7e-m/crtbegin.o
                0x004042f0                __init_array_end = .
                0x004042f0                . = ALIGN (0x4)
 *crtbegin.o(.ctors)
 *(EXCLUDE_FILE(*crtend.o) .ctors)
 *(SORT(.ctors.*))
 *crtend.o(.ctors)
                0x004042f0                . = ALIGN (0x4)
 *(.fini)
 .fini          0x004042f0        0x4 c:/program files (x86)/atmel/studio/7.0/toolchain/arm/arm-gnu-toolchain/bin/../lib/gcc/arm-none-eabi/5.3.1/armv7e-m/crti.o
                0x004042f0                _fini
 .fini          0x004042f4        0x8 c:/program files (x86)/atmel/studio/7.0/toolchain/arm/arm-gnu-toolchain/bin/../lib/gcc/arm-none-eabi/5.3.1/armv7e-m/crtn.o
                0x004042fc                . = ALIGN (0x4)
                0x004042fc                __fini_array_start = .
 *(.fini_array)
 .fini_array    0x004042fc        0x4 c:/program files (x86)/atmel/studio/7.0/toolchain/arm/arm-gnu-toolchain/bin/../lib/gcc/arm-none-eabi/5.3.1/armv7e-m/crtbegin.o
 *(SORT(.fini_array.*))
                0x00404300                __fini_array_end = .
 *crtbegin.o(.dtors)
 *(EXCLUDE_FILE(*crtend.o) .dtors)
 *(SORT(.dtors.*))
 *crtend.o(.dtors)
                0x00404300                . = ALIGN (0x4)
                0x00404300                _efixed = .
                [!provide]                PROVIDE (__exidx_start, .)

.vfp11_veneer   0x00404300        0x0
 .vfp11_veneer  0x00404300        0x0 linker stubs

.v4_bx          0x00404300        0x0
 .v4_bx         0x00404300        0x0 linker stubs

.iplt           0x00404300        0x0
 .iplt          0x00404300        0x0 c:/program files (x86)/atmel/studio/7.0/toolchain/arm/arm-gnu-toolchain/bin/../lib/gcc/arm-none-eabi/5.3.1/armv7e-m/crtbegin.o

.ARM.exidx      0x00404300        0x8
 *(.ARM.exidx* .gnu.linkonce.armexidx.*)
 .ARM.exidx     0x00404300        0x8 c:/program files (x86)/atmel/studio/7.0/toolchain/arm/arm-gnu-toolchain/bin/../lib/gcc/arm-none-eabi/5.3.1/armv7e-m\libgcc.a(_udivmoddi4.o)
                [!provide]                PROVIDE (__exidx_end, .)

.eh_frame       0x00404308        0x0
 .eh_frame      0x00404308        0x0 c:/program files (x86)/atmel/studio/7.0/toolchain/arm/arm-gnu-toolchain/bin/../lib/gcc/arm-none-eabi/5.3.1/armv7e-m/crtbegin.o

.rel.dyn        0x00404308        0x0
 .rel.iplt      0x00404308        0x0 c:/program files (x86)/atmel/studio/7.0/toolchain/arm/arm-gnu-toolchain/bin/../lib/gcc/arm-none-eabi/5.3.1/armv7e-m/crtbegin.o

.jcr            0x00404308        0x0
 .jcr           0x00404308        0x0 c:/program files (x86)/atmel/studio/7.0/toolchain/arm/arm-gnu-toolchain/bin/../lib/gcc/arm-none-eabi/5.3.1/armv7e-m/crtbegin.o

.igot.plt       0x00404308        0x0
 .igot.plt      0x00404308        0x0 c:/program files (x86)/atmel/studio/7.0/toolchain/arm/arm-gnu-toolchain/bin/../lib/gcc/arm-none-eabi/5.3.1/armv7e-m/crtbegin.o
                0x00404308                . = ALIGN (0x4)
                0x00404308                _etext = .

.relocate       0x20400000      0x87c load address 0x00404308
                0x20400000                . = ALIGN (0x4)
                0x20400000                _srelocate = .
 *(.ramfunc .ramfunc.*)
 .ramfunc       0x20400000        0xc src/ASF/common/services/delay/sam/cycle_counter.o
                0x20400000                portable_delay_cycles
 *(.data .data.*)
 .data.g_interrupt_enabled
                0x2040000c        0x1 src/ASF/common/utils/interrupt/interrupt_sam_nvic.o
                0x2040000c                g_interrupt_enabled
 *fill*         0x2040000d        0x3 
 .data.SystemCoreClock
                0x20400010        0x4 src/ASF/sam/utils/cmsis/same70/source/templates/system_same70.o
                0x20400010                SystemCoreClock
 *fill*         0x20400014        0x4 
 .data.impure_data
                0x20400018      0x428 c:/program files (x86)/atmel/studio/7.0/toolchain/arm/arm-gnu-toolchain/bin/../lib/gcc/arm-none-eabi/5.3.1/../../../../arm-none-eabi/lib/armv7e-m\libc.a(lib_a-impure.o)
 .data._impure_ptr
                0x20400440        0x4 c:/program files (x86)/atmel/studio/7.0/toolchain/arm/arm-gnu-toolchain/bin/../lib/gcc/arm-none-eabi/5.3.1/../../../../arm-none-eabi/lib/armv7e-m\libc.a(lib_a-impure.o)
                0x20400440                _impure_ptr
 .data.lc_ctype_charset
                0x20400444       0x20 c:/program files (x86)/atmel/studio/7.0/toolchain/arm/arm-gnu-toolchain/bin/../lib/gcc/arm-none-eabi/5.3.1/../../../../arm-none-eabi/lib/armv7e-m\libc.a(lib_a-locale.o)
 .data.__mb_cur_max
                0x20400464        0x4 c:/program files (x86)/atmel/studio/7.0/toolchain/arm/arm-gnu-toolchain/bin/../lib/gcc/arm-none-eabi/5.3.1/../../../../arm-none-eabi/lib/armv7e-m\libc.a(lib_a-locale.o)
                0x20400464                __mb_cur_max
 .data.__malloc_av_
                0x20400468      0x408 c:/program files (x86)/atmel/studio/7.0/toolchain/arm/arm-gnu-toolchain/bin/../lib/gcc/arm-none-eabi/5.3.1/../../../../arm-none-eabi/lib/armv7e-m\libc.a(lib_a-mallocr.o)
                0x20400468                __malloc_av_
 .data.__malloc_trim_threshold
                0x20400870        0x4 c:/program files (x86)/atmel/studio/7.0/toolchain/arm/arm-gnu-toolchain/bin/../lib/gcc/arm-none-eabi/5.3.1/../../../../arm-none-eabi/lib/armv7e-m\libc.a(lib_a-mallocr.o)
                0x20400870                __malloc_trim_threshold
 .data.__malloc_sbrk_base
                0x20400874        0x4 c:/program files (x86)/atmel/studio/7.0/toolchain/arm/arm-gnu-toolchain/bin/../lib/gcc/arm-none-eabi/5.3.1/../../../../arm-none-eabi/lib/armv7e-m\libc.a(lib_a-mallocr.o)
                0x20400874                __malloc_sbrk_base
 .data.__wctomb
                0x20400878        0x4 c:/program files (x86)/atmel/studio/7.0/toolchain/arm/arm-gnu-toolchain/bin/../lib/gcc/arm-none-eabi/5.3.1/../../../../arm-none-eabi/lib/armv7e-m\libc.a(lib_a-wctomb_r.o)
                0x20400878                __wctomb
                0x2040087c                . = ALIGN (0x4)
                0x2040087c                _erelocate = .

.bss            0x2040087c      0x168 load address 0x00404b84
                0x2040087c                . = ALIGN (0x4)
                0x2040087c                _sbss = .
                0x2040087c                _szero = .
 *(.bss .bss.*)
 .bss           0x2040087c       0x1c c:/program files (x86)/atmel/studio/7.0/toolchain/arm/arm-gnu-toolchain/bin/../lib/gcc/arm-none-eabi/5.3.1/armv7e-m/crtbegin.o
 .bss.is_conversion_done
                0x20400898        0x1 src/main.o
                0x20400898                is_conversion_done
 *fill*         0x20400899        0x3 
 .bss.g_ul_value
                0x2040089c        0x4 src/main.o
                0x2040089c                g_ul_value
 .bss.gs_interrupt_sources
                0x204008a0       0x70 src/ASF/sam/drivers/pio/pio_handler.o
 .bss.ul_reg_val.8198
                0x20400910        0x4 src/ASF/sam/drivers/usart/usart.o
 .bss.heap.5289
                0x20400914        0x4 src/ASF/sam/utils/syscalls/gcc/syscalls.o
 .bss.__malloc_max_total_mem
                0x20400918        0x4 c:/program files (x86)/atmel/studio/7.0/toolchain/arm/arm-gnu-toolchain/bin/../lib/gcc/arm-none-eabi/5.3.1/../../../../arm-none-eabi/lib/armv7e-m\libc.a(lib_a-mallocr.o)
                0x20400918                __malloc_max_total_mem
 .bss.__malloc_max_sbrked_mem
                0x2040091c        0x4 c:/program files (x86)/atmel/studio/7.0/toolchain/arm/arm-gnu-toolchain/bin/../lib/gcc/arm-none-eabi/5.3.1/../../../../arm-none-eabi/lib/armv7e-m\libc.a(lib_a-mallocr.o)
                0x2040091c                __malloc_max_sbrked_mem
 .bss.__malloc_top_pad
                0x20400920        0x4 c:/program files (x86)/atmel/studio/7.0/toolchain/arm/arm-gnu-toolchain/bin/../lib/gcc/arm-none-eabi/5.3.1/../../../../arm-none-eabi/lib/armv7e-m\libc.a(lib_a-mallocr.o)
                0x20400920                __malloc_top_pad
 .bss.__malloc_current_mallinfo
                0x20400924       0x28 c:/program files (x86)/atmel/studio/7.0/toolchain/arm/arm-gnu-toolchain/bin/../lib/gcc/arm-none-eabi/5.3.1/../../../../arm-none-eabi/lib/armv7e-m\libc.a(lib_a-mallocr.o)
                0x20400924                __malloc_current_mallinfo
 *(COMMON)
 COMMON         0x2040094c        0x6 src/ASF/common/services/sleepmgr/sam/sleepmgr.o
                0x2040094c                sleepmgr_locks
 *fill*         0x20400952        0x2 
 COMMON         0x20400954        0x4 src/ASF/common/utils/stdio/read.o
                0x20400954                ptr_get
 COMMON         0x20400958        0x8 src/ASF/common/utils/stdio/write.o
                0x20400958                ptr_put
                0x2040095c                stdio_base
 COMMON         0x20400960       0x80 src/ASF/sam/drivers/afec/afec.o
                0x20400960                afec_callback_pointer
 COMMON         0x204009e0        0x4 c:/program files (x86)/atmel/studio/7.0/toolchain/arm/arm-gnu-toolchain/bin/../lib/gcc/arm-none-eabi/5.3.1/../../../../arm-none-eabi/lib/armv7e-m\libc.a(lib_a-reent.o)
                0x204009e0                errno
                0x204009e4                . = ALIGN (0x4)
                0x204009e4                _ebss = .
                0x204009e4                _ezero = .

.stack          0x204009e4     0x2004 load address 0x00404cec
                0x204009e8                . = ALIGN (0x8)
 *fill*         0x204009e4        0x4 
                0x204009e8                _sstack = .
                0x204029e8                . = (. + STACK_SIZE)
 *fill*         0x204009e8     0x2000 
                0x204029e8                . = ALIGN (0x8)
                0x204029e8                _estack = .

.heap           0x204029e8      0x200 load address 0x00406cf0
                0x204029e8                . = ALIGN (0x8)
                0x204029e8                _sheap = .
                0x20402be8                . = (. + HEAP_SIZE)
 *fill*         0x204029e8      0x200 
                0x20402be8                . = ALIGN (0x8)
                0x20402be8                _eheap = .
                0x20402be8                . = ALIGN (0x4)
                0x20402be8                _end = .
                0x2045ffff                _ram_end_ = ((ORIGIN (ram) + LENGTH (ram)) - 0x1)
OUTPUT(12-ADC.elf elf32-littlearm)

.ARM.attributes
                0x00000000       0x2e
 .ARM.attributes
                0x00000000       0x1e c:/program files (x86)/atmel/studio/7.0/toolchain/arm/arm-gnu-toolchain/bin/../lib/gcc/arm-none-eabi/5.3.1/armv7e-m/crti.o
 .ARM.attributes
                0x0000001e       0x2e c:/program files (x86)/atmel/studio/7.0/toolchain/arm/arm-gnu-toolchain/bin/../lib/gcc/arm-none-eabi/5.3.1/armv7e-m/crtbegin.o
 .ARM.attributes
                0x0000004c       0x37 src/main.o
 .ARM.attributes
                0x00000083       0x37 src/ASF/common/services/delay/sam/cycle_counter.o
 .ARM.attributes
                0x000000ba       0x37 src/ASF/sam/drivers/rtc/rtc.o
 .ARM.attributes
                0x000000f1       0x37 src/ASF/sam/drivers/tc/tc.o
 .ARM.attributes
                0x00000128       0x37 src/ASF/common/services/clock/same70/sysclk.o
 .ARM.attributes
                0x0000015f       0x37 src/ASF/common/services/sleepmgr/sam/sleepmgr.o
 .ARM.attributes
                0x00000196       0x37 src/ASF/common/utils/interrupt/interrupt_sam_nvic.o
 .ARM.attributes
                0x000001cd       0x37 src/ASF/common/utils/stdio/read.o
 .ARM.attributes
                0x00000204       0x37 src/ASF/common/utils/stdio/write.o
 .ARM.attributes
                0x0000023b       0x37 src/ASF/sam/boards/same70_xplained/init.o
 .ARM.attributes
                0x00000272       0x37 src/ASF/sam/drivers/afec/afec.o
 .ARM.attributes
                0x000002a9       0x37 src/ASF/sam/drivers/pio/pio.o
 .ARM.attributes
                0x000002e0       0x37 src/ASF/sam/drivers/pio/pio_handler.o
 .ARM.attributes
                0x00000317       0x37 src/ASF/sam/drivers/pmc/pmc.o
 .ARM.attributes
                0x0000034e       0x37 src/ASF/sam/drivers/uart/uart.o
 .ARM.attributes
                0x00000385       0x37 src/ASF/sam/drivers/usart/usart.o
 .ARM.attributes
                0x000003bc       0x37 src/ASF/sam/utils/cmsis/same70/source/templates/gcc/startup_same70.o
 .ARM.attributes
                0x000003f3       0x37 src/ASF/sam/utils/cmsis/same70/source/templates/system_same70.o
 .ARM.attributes
                0x0000042a       0x37 src/ASF/sam/utils/syscalls/gcc/syscalls.o
 .ARM.attributes
                0x00000461       0x2e c:/program files (x86)/atmel/studio/7.0/toolchain/arm/arm-gnu-toolchain/bin/../lib/gcc/arm-none-eabi/5.3.1/../../../../arm-none-eabi/lib/armv7e-m\libc.a(lib_a-impure.o)
 .ARM.attributes
                0x0000048f       0x2e c:/program files (x86)/atmel/studio/7.0/toolchain/arm/arm-gnu-toolchain/bin/../lib/gcc/arm-none-eabi/5.3.1/../../../../arm-none-eabi/lib/armv7e-m\libc.a(lib_a-init.o)
 .ARM.attributes
                0x000004bd       0x2e c:/program files (x86)/atmel/studio/7.0/toolchain/arm/arm-gnu-toolchain/bin/../lib/gcc/arm-none-eabi/5.3.1/../../../../arm-none-eabi/lib/armv7e-m\libc.a(lib_a-iprintf.o)
 .ARM.attributes
                0x000004eb       0x2e c:/program files (x86)/atmel/studio/7.0/toolchain/arm/arm-gnu-toolchain/bin/../lib/gcc/arm-none-eabi/5.3.1/../../../../arm-none-eabi/lib/armv7e-m\libc.a(lib_a-memset.o)
 .ARM.attributes
                0x00000519       0x2e c:/program files (x86)/atmel/studio/7.0/toolchain/arm/arm-gnu-toolchain/bin/../lib/gcc/arm-none-eabi/5.3.1/../../../../arm-none-eabi/lib/armv7e-m\libc.a(lib_a-puts.o)
 .ARM.attributes
                0x00000547       0x2e c:/program files (x86)/atmel/studio/7.0/toolchain/arm/arm-gnu-toolchain/bin/../lib/gcc/arm-none-eabi/5.3.1/../../../../arm-none-eabi/lib/armv7e-m\libc.a(lib_a-setbuf.o)
 .ARM.attributes
                0x00000575       0x2e c:/program files (x86)/atmel/studio/7.0/toolchain/arm/arm-gnu-toolchain/bin/../lib/gcc/arm-none-eabi/5.3.1/../../../../arm-none-eabi/lib/armv7e-m\libc.a(lib_a-setvbuf.o)
 .ARM.attributes
                0x000005a3       0x1c c:/program files (x86)/atmel/studio/7.0/toolchain/arm/arm-gnu-toolchain/bin/../lib/gcc/arm-none-eabi/5.3.1/../../../../arm-none-eabi/lib/armv7e-m\libc.a(lib_a-strlen.o)
 .ARM.attributes
                0x000005bf       0x2e c:/program files (x86)/atmel/studio/7.0/toolchain/arm/arm-gnu-toolchain/bin/../lib/gcc/arm-none-eabi/5.3.1/../../../../arm-none-eabi/lib/armv7e-m\libc.a(lib_a-vfiprintf.o)
 .ARM.attributes
                0x000005ed       0x2e c:/program files (x86)/atmel/studio/7.0/toolchain/arm/arm-gnu-toolchain/bin/../lib/gcc/arm-none-eabi/5.3.1/../../../../arm-none-eabi/lib/armv7e-m\libc.a(lib_a-wsetup.o)
 .ARM.attributes
                0x0000061b       0x2e c:/program files (x86)/atmel/studio/7.0/toolchain/arm/arm-gnu-toolchain/bin/../lib/gcc/arm-none-eabi/5.3.1/../../../../arm-none-eabi/lib/armv7e-m\libc.a(lib_a-__call_atexit.o)
 .ARM.attributes
                0x00000649       0x2e c:/program files (x86)/atmel/studio/7.0/toolchain/arm/arm-gnu-toolchain/bin/../lib/gcc/arm-none-eabi/5.3.1/../../../../arm-none-eabi/lib/armv7e-m\libc.a(lib_a-atexit.o)
 .ARM.attributes
                0x00000677       0x2e c:/program files (x86)/atmel/studio/7.0/toolchain/arm/arm-gnu-toolchain/bin/../lib/gcc/arm-none-eabi/5.3.1/../../../../arm-none-eabi/lib/armv7e-m\libc.a(lib_a-fflush.o)
 .ARM.attributes
                0x000006a5       0x2e c:/program files (x86)/atmel/studio/7.0/toolchain/arm/arm-gnu-toolchain/bin/../lib/gcc/arm-none-eabi/5.3.1/../../../../arm-none-eabi/lib/armv7e-m\libc.a(lib_a-findfp.o)
 .ARM.attributes
                0x000006d3       0x2e c:/program files (x86)/atmel/studio/7.0/toolchain/arm/arm-gnu-toolchain/bin/../lib/gcc/arm-none-eabi/5.3.1/../../../../arm-none-eabi/lib/armv7e-m\libc.a(lib_a-fini.o)
 .ARM.attributes
                0x00000701       0x2e c:/program files (x86)/atmel/studio/7.0/toolchain/arm/arm-gnu-toolchain/bin/../lib/gcc/arm-none-eabi/5.3.1/../../../../arm-none-eabi/lib/armv7e-m\libc.a(lib_a-fputwc.o)
 .ARM.attributes
                0x0000072f       0x2e c:/program files (x86)/atmel/studio/7.0/toolchain/arm/arm-gnu-toolchain/bin/../lib/gcc/arm-none-eabi/5.3.1/../../../../arm-none-eabi/lib/armv7e-m\libc.a(lib_a-freer.o)
 .ARM.attributes
                0x0000075d       0x2e c:/program files (x86)/atmel/studio/7.0/toolchain/arm/arm-gnu-toolchain/bin/../lib/gcc/arm-none-eabi/5.3.1/../../../../arm-none-eabi/lib/armv7e-m\libc.a(lib_a-fvwrite.o)
 .ARM.attributes
                0x0000078b       0x2e c:/program files (x86)/atmel/studio/7.0/toolchain/arm/arm-gnu-toolchain/bin/../lib/gcc/arm-none-eabi/5.3.1/../../../../arm-none-eabi/lib/armv7e-m\libc.a(lib_a-fwalk.o)
 .ARM.attributes
                0x000007b9       0x2e c:/program files (x86)/atmel/studio/7.0/toolchain/arm/arm-gnu-toolchain/bin/../lib/gcc/arm-none-eabi/5.3.1/../../../../arm-none-eabi/lib/armv7e-m\libc.a(lib_a-locale.o)
 .ARM.attributes
                0x000007e7       0x2e c:/program files (x86)/atmel/studio/7.0/toolchain/arm/arm-gnu-toolchain/bin/../lib/gcc/arm-none-eabi/5.3.1/../../../../arm-none-eabi/lib/armv7e-m\libc.a(lib_a-makebuf.o)
 .ARM.attributes
                0x00000815       0x2e c:/program files (x86)/atmel/studio/7.0/toolchain/arm/arm-gnu-toolchain/bin/../lib/gcc/arm-none-eabi/5.3.1/../../../../arm-none-eabi/lib/armv7e-m\libc.a(lib_a-malloc.o)
 .ARM.attributes
                0x00000843       0x2e c:/program files (x86)/atmel/studio/7.0/toolchain/arm/arm-gnu-toolchain/bin/../lib/gcc/arm-none-eabi/5.3.1/../../../../arm-none-eabi/lib/armv7e-m\libc.a(lib_a-mallocr.o)
 .ARM.attributes
                0x00000871       0x1c c:/program files (x86)/atmel/studio/7.0/toolchain/arm/arm-gnu-toolchain/bin/../lib/gcc/arm-none-eabi/5.3.1/../../../../arm-none-eabi/lib/armv7e-m\libc.a(lib_a-memchr.o)
 .ARM.attributes
                0x0000088d       0x1c c:/program files (x86)/atmel/studio/7.0/toolchain/arm/arm-gnu-toolchain/bin/../lib/gcc/arm-none-eabi/5.3.1/../../../../arm-none-eabi/lib/armv7e-m\libc.a(lib_a-memcpy.o)
 .ARM.attributes
                0x000008a9       0x2e c:/program files (x86)/atmel/studio/7.0/toolchain/arm/arm-gnu-toolchain/bin/../lib/gcc/arm-none-eabi/5.3.1/../../../../arm-none-eabi/lib/armv7e-m\libc.a(lib_a-memmove.o)
 .ARM.attributes
                0x000008d7       0x2e c:/program files (x86)/atmel/studio/7.0/toolchain/arm/arm-gnu-toolchain/bin/../lib/gcc/arm-none-eabi/5.3.1/../../../../arm-none-eabi/lib/armv7e-m\libc.a(lib_a-mlock.o)
 .ARM.attributes
                0x00000905       0x2e c:/program files (x86)/atmel/studio/7.0/toolchain/arm/arm-gnu-toolchain/bin/../lib/gcc/arm-none-eabi/5.3.1/../../../../arm-none-eabi/lib/armv7e-m\libc.a(lib_a-reallocr.o)
 .ARM.attributes
                0x00000933       0x2e c:/program files (x86)/atmel/studio/7.0/toolchain/arm/arm-gnu-toolchain/bin/../lib/gcc/arm-none-eabi/5.3.1/../../../../arm-none-eabi/lib/armv7e-m\libc.a(lib_a-sbrkr.o)
 .ARM.attributes
                0x00000961       0x2e c:/program files (x86)/atmel/studio/7.0/toolchain/arm/arm-gnu-toolchain/bin/../lib/gcc/arm-none-eabi/5.3.1/../../../../arm-none-eabi/lib/armv7e-m\libc.a(lib_a-stdio.o)
 .ARM.attributes
                0x0000098f       0x2e c:/program files (x86)/atmel/studio/7.0/toolchain/arm/arm-gnu-toolchain/bin/../lib/gcc/arm-none-eabi/5.3.1/../../../../arm-none-eabi/lib/armv7e-m\libc.a(lib_a-wbuf.o)
 .ARM.attributes
                0x000009bd       0x2e c:/program files (x86)/atmel/studio/7.0/toolchain/arm/arm-gnu-toolchain/bin/../lib/gcc/arm-none-eabi/5.3.1/../../../../arm-none-eabi/lib/armv7e-m\libc.a(lib_a-wcrtomb.o)
 .ARM.attributes
                0x000009eb       0x2e c:/program files (x86)/atmel/studio/7.0/toolchain/arm/arm-gnu-toolchain/bin/../lib/gcc/arm-none-eabi/5.3.1/../../../../arm-none-eabi/lib/armv7e-m\libc.a(lib_a-wctomb_r.o)
 .ARM.attributes
                0x00000a19       0x2e c:/program files (x86)/atmel/studio/7.0/toolchain/arm/arm-gnu-toolchain/bin/../lib/gcc/arm-none-eabi/5.3.1/../../../../arm-none-eabi/lib/armv7e-m\libc.a(lib_a-writer.o)
 .ARM.attributes
                0x00000a47       0x2e c:/program files (x86)/atmel/studio/7.0/toolchain/arm/arm-gnu-toolchain/bin/../lib/gcc/arm-none-eabi/5.3.1/../../../../arm-none-eabi/lib/armv7e-m\libc.a(lib_a-__atexit.o)
 .ARM.attributes
                0x00000a75       0x2e c:/program files (x86)/atmel/studio/7.0/toolchain/arm/arm-gnu-toolchain/bin/../lib/gcc/arm-none-eabi/5.3.1/../../../../arm-none-eabi/lib/armv7e-m\libc.a(lib_a-closer.o)
 .ARM.attributes
                0x00000aa3       0x2e c:/program files (x86)/atmel/studio/7.0/toolchain/arm/arm-gnu-toolchain/bin/../lib/gcc/arm-none-eabi/5.3.1/../../../../arm-none-eabi/lib/armv7e-m\libc.a(lib_a-fclose.o)
 .ARM.attributes
                0x00000ad1       0x2e c:/program files (x86)/atmel/studio/7.0/toolchain/arm/arm-gnu-toolchain/bin/../lib/gcc/arm-none-eabi/5.3.1/../../../../arm-none-eabi/lib/armv7e-m\libc.a(lib_a-fstatr.o)
 .ARM.attributes
                0x00000aff       0x2e c:/program files (x86)/atmel/studio/7.0/toolchain/arm/arm-gnu-toolchain/bin/../lib/gcc/arm-none-eabi/5.3.1/../../../../arm-none-eabi/lib/armv7e-m\libc.a(lib_a-isattyr.o)
 .ARM.attributes
                0x00000b2d       0x2e c:/program files (x86)/atmel/studio/7.0/toolchain/arm/arm-gnu-toolchain/bin/../lib/gcc/arm-none-eabi/5.3.1/../../../../arm-none-eabi/lib/armv7e-m\libc.a(lib_a-lseekr.o)
 .ARM.attributes
                0x00000b5b       0x2e c:/program files (x86)/atmel/studio/7.0/toolchain/arm/arm-gnu-toolchain/bin/../lib/gcc/arm-none-eabi/5.3.1/../../../../arm-none-eabi/lib/armv7e-m\libc.a(lib_a-readr.o)
 .ARM.attributes
                0x00000b89       0x2e c:/program files (x86)/atmel/studio/7.0/toolchain/arm/arm-gnu-toolchain/bin/../lib/gcc/arm-none-eabi/5.3.1/../../../../arm-none-eabi/lib/armv7e-m\libc.a(lib_a-reent.o)
 .ARM.attributes
                0x00000bb7       0x1e c:/program files (x86)/atmel/studio/7.0/toolchain/arm/arm-gnu-toolchain/bin/../lib/gcc/arm-none-eabi/5.3.1/armv7e-m\libgcc.a(_aeabi_uldivmod.o)
 .ARM.attributes
                0x00000bd5       0x2e c:/program files (x86)/atmel/studio/7.0/toolchain/arm/arm-gnu-toolchain/bin/../lib/gcc/arm-none-eabi/5.3.1/armv7e-m\libgcc.a(_udivmoddi4.o)
 .ARM.attributes
                0x00000c03       0x1e c:/program files (x86)/atmel/studio/7.0/toolchain/arm/arm-gnu-toolchain/bin/../lib/gcc/arm-none-eabi/5.3.1/armv7e-m\libgcc.a(_dvmd_tls.o)
 .ARM.attributes
                0x00000c21       0x1e c:/program files (x86)/atmel/studio/7.0/toolchain/arm/arm-gnu-toolchain/bin/../lib/gcc/arm-none-eabi/5.3.1/armv7e-m/crtn.o

.comment        0x00000000       0x59
 .comment       0x00000000       0x59 src/main.o
                                 0x5a (size before relaxing)
 .comment       0x00000059       0x5a src/ASF/common/services/delay/sam/cycle_counter.o
 .comment       0x00000059       0x5a src/ASF/sam/drivers/rtc/rtc.o
 .comment       0x00000059       0x5a src/ASF/sam/drivers/tc/tc.o
 .comment       0x00000059       0x5a src/ASF/common/services/clock/same70/sysclk.o
 .comment       0x00000059       0x5a src/ASF/common/services/sleepmgr/sam/sleepmgr.o
 .comment       0x00000059       0x5a src/ASF/common/utils/interrupt/interrupt_sam_nvic.o
 .comment       0x00000059       0x5a src/ASF/common/utils/stdio/read.o
 .comment       0x00000059       0x5a src/ASF/common/utils/stdio/write.o
 .comment       0x00000059       0x5a src/ASF/sam/boards/same70_xplained/init.o
 .comment       0x00000059       0x5a src/ASF/sam/drivers/afec/afec.o
 .comment       0x00000059       0x5a src/ASF/sam/drivers/pio/pio.o
 .comment       0x00000059       0x5a src/ASF/sam/drivers/pio/pio_handler.o
 .comment       0x00000059       0x5a src/ASF/sam/drivers/pmc/pmc.o
 .comment       0x00000059       0x5a src/ASF/sam/drivers/uart/uart.o
 .comment       0x00000059       0x5a src/ASF/sam/drivers/usart/usart.o
 .comment       0x00000059       0x5a src/ASF/sam/utils/cmsis/same70/source/templates/gcc/startup_same70.o
 .comment       0x00000059       0x5a src/ASF/sam/utils/cmsis/same70/source/templates/system_same70.o
 .comment       0x00000059       0x5a src/ASF/sam/utils/syscalls/gcc/syscalls.o

.debug_info     0x00000000     0xf45a
 .debug_info    0x00000000     0x29c6 src/main.o
 .debug_info    0x000029c6      0x134 src/ASF/common/services/delay/sam/cycle_counter.o
 .debug_info    0x00002afa      0x7e4 src/ASF/sam/drivers/rtc/rtc.o
 .debug_info    0x000032de      0x922 src/ASF/sam/drivers/tc/tc.o
 .debug_info    0x00003c00      0x846 src/ASF/common/services/clock/same70/sysclk.o
 .debug_info    0x00004446      0x176 src/ASF/common/services/sleepmgr/sam/sleepmgr.o
 .debug_info    0x000045bc      0x1e4 src/ASF/common/utils/interrupt/interrupt_sam_nvic.o
 .debug_info    0x000047a0      0x1bb src/ASF/common/utils/stdio/read.o
 .debug_info    0x0000495b      0x1c0 src/ASF/common/utils/stdio/write.o
 .debug_info    0x00004b1b     0x1748 src/ASF/sam/boards/same70_xplained/init.o
 .debug_info    0x00006263     0x1b3d src/ASF/sam/drivers/afec/afec.o
 .debug_info    0x00007da0     0x1888 src/ASF/sam/drivers/pio/pio.o
 .debug_info    0x00009628     0x11e6 src/ASF/sam/drivers/pio/pio_handler.o
 .debug_info    0x0000a80e     0x1533 src/ASF/sam/drivers/pmc/pmc.o
 .debug_info    0x0000bd41      0x726 src/ASF/sam/drivers/uart/uart.o
 .debug_info    0x0000c467     0x1a43 src/ASF/sam/drivers/usart/usart.o
 .debug_info    0x0000deaa      0xc1d src/ASF/sam/utils/cmsis/same70/source/templates/gcc/startup_same70.o
 .debug_info    0x0000eac7      0x56c src/ASF/sam/utils/cmsis/same70/source/templates/system_same70.o
 .debug_info    0x0000f033      0x427 src/ASF/sam/utils/syscalls/gcc/syscalls.o

.debug_abbrev   0x00000000     0x263b
 .debug_abbrev  0x00000000      0x453 src/main.o
 .debug_abbrev  0x00000453       0x9d src/ASF/common/services/delay/sam/cycle_counter.o
 .debug_abbrev  0x000004f0      0x1df src/ASF/sam/drivers/rtc/rtc.o
 .debug_abbrev  0x000006cf      0x1bb src/ASF/sam/drivers/tc/tc.o
 .debug_abbrev  0x0000088a      0x230 src/ASF/common/services/clock/same70/sysclk.o
 .debug_abbrev  0x00000aba       0xab src/ASF/common/services/sleepmgr/sam/sleepmgr.o
 .debug_abbrev  0x00000b65       0xed src/ASF/common/utils/interrupt/interrupt_sam_nvic.o
 .debug_abbrev  0x00000c52      0x101 src/ASF/common/utils/stdio/read.o
 .debug_abbrev  0x00000d53       0xf5 src/ASF/common/utils/stdio/write.o
 .debug_abbrev  0x00000e48      0x299 src/ASF/sam/boards/same70_xplained/init.o
 .debug_abbrev  0x000010e1      0x446 src/ASF/sam/drivers/afec/afec.o
 .debug_abbrev  0x00001527      0x31a src/ASF/sam/drivers/pio/pio.o
 .debug_abbrev  0x00001841      0x25d src/ASF/sam/drivers/pio/pio_handler.o
 .debug_abbrev  0x00001a9e      0x2bd src/ASF/sam/drivers/pmc/pmc.o
 .debug_abbrev  0x00001d5b      0x1a3 src/ASF/sam/drivers/uart/uart.o
 .debug_abbrev  0x00001efe      0x2dc src/ASF/sam/drivers/usart/usart.o
 .debug_abbrev  0x000021da      0x221 src/ASF/sam/utils/cmsis/same70/source/templates/gcc/startup_same70.o
 .debug_abbrev  0x000023fb       0xf5 src/ASF/sam/utils/cmsis/same70/source/templates/system_same70.o
 .debug_abbrev  0x000024f0      0x14b src/ASF/sam/utils/syscalls/gcc/syscalls.o

.debug_loc      0x00000000     0x5db1
 .debug_loc     0x00000000      0x677 src/main.o
 .debug_loc     0x00000677      0x8d5 src/ASF/sam/drivers/rtc/rtc.o
 .debug_loc     0x00000f4c      0x5a5 src/ASF/sam/drivers/tc/tc.o
 .debug_loc     0x000014f1      0x183 src/ASF/common/services/clock/same70/sysclk.o
 .debug_loc     0x00001674       0xd2 src/ASF/common/utils/stdio/read.o
 .debug_loc     0x00001746      0x15d src/ASF/common/utils/stdio/write.o
 .debug_loc     0x000018a3      0x26e src/ASF/sam/boards/same70_xplained/init.o
 .debug_loc     0x00001b11      0xa6b src/ASF/sam/drivers/afec/afec.o
 .debug_loc     0x0000257c      0xf3a src/ASF/sam/drivers/pio/pio.o
 .debug_loc     0x000034b6      0x555 src/ASF/sam/drivers/pio/pio_handler.o
 .debug_loc     0x00003a0b      0xec0 src/ASF/sam/drivers/pmc/pmc.o
 .debug_loc     0x000048cb      0x2a4 src/ASF/sam/drivers/uart/uart.o
 .debug_loc     0x00004b6f     0x10f9 src/ASF/sam/drivers/usart/usart.o
 .debug_loc     0x00005c68       0x6a src/ASF/sam/utils/cmsis/same70/source/templates/gcc/startup_same70.o
 .debug_loc     0x00005cd2       0xdf src/ASF/sam/utils/syscalls/gcc/syscalls.o

.debug_aranges  0x00000000      0xc28
 .debug_aranges
                0x00000000       0x58 src/main.o
 .debug_aranges
                0x00000058       0x20 src/ASF/common/services/delay/sam/cycle_counter.o
 .debug_aranges
                0x00000078       0xb8 src/ASF/sam/drivers/rtc/rtc.o
 .debug_aranges
                0x00000130       0xd0 src/ASF/sam/drivers/tc/tc.o
 .debug_aranges
                0x00000200       0x40 src/ASF/common/services/clock/same70/sysclk.o
 .debug_aranges
                0x00000240       0x18 src/ASF/common/services/sleepmgr/sam/sleepmgr.o
 .debug_aranges
                0x00000258       0x28 src/ASF/common/utils/interrupt/interrupt_sam_nvic.o
 .debug_aranges
                0x00000280       0x20 src/ASF/common/utils/stdio/read.o
 .debug_aranges
                0x000002a0       0x20 src/ASF/common/utils/stdio/write.o
 .debug_aranges
                0x000002c0       0x20 src/ASF/sam/boards/same70_xplained/init.o
 .debug_aranges
                0x000002e0       0xb8 src/ASF/sam/drivers/afec/afec.o
 .debug_aranges
                0x00000398      0x1a8 src/ASF/sam/drivers/pio/pio.o
 .debug_aranges
                0x00000540       0x60 src/ASF/sam/drivers/pio/pio_handler.o
 .debug_aranges
                0x000005a0      0x250 src/ASF/sam/drivers/pmc/pmc.o
 .debug_aranges
                0x000007f0       0xd8 src/ASF/sam/drivers/uart/uart.o
 .debug_aranges
                0x000008c8      0x2a8 src/ASF/sam/drivers/usart/usart.o
 .debug_aranges
                0x00000b70       0x28 src/ASF/sam/utils/cmsis/same70/source/templates/gcc/startup_same70.o
 .debug_aranges
                0x00000b98       0x30 src/ASF/sam/utils/cmsis/same70/source/templates/system_same70.o
 .debug_aranges
                0x00000bc8       0x60 src/ASF/sam/utils/syscalls/gcc/syscalls.o

.debug_ranges   0x00000000      0xbe0
 .debug_ranges  0x00000000       0x48 src/main.o
 .debug_ranges  0x00000048       0x10 src/ASF/common/services/delay/sam/cycle_counter.o
 .debug_ranges  0x00000058       0xa8 src/ASF/sam/drivers/rtc/rtc.o
 .debug_ranges  0x00000100       0xc0 src/ASF/sam/drivers/tc/tc.o
 .debug_ranges  0x000001c0       0x30 src/ASF/common/services/clock/same70/sysclk.o
 .debug_ranges  0x000001f0       0x18 src/ASF/common/utils/interrupt/interrupt_sam_nvic.o
 .debug_ranges  0x00000208       0x10 src/ASF/common/utils/stdio/read.o
 .debug_ranges  0x00000218       0x10 src/ASF/common/utils/stdio/write.o
 .debug_ranges  0x00000228       0x10 src/ASF/sam/boards/same70_xplained/init.o
 .debug_ranges  0x00000238       0xc0 src/ASF/sam/drivers/afec/afec.o
 .debug_ranges  0x000002f8      0x270 src/ASF/sam/drivers/pio/pio.o
 .debug_ranges  0x00000568       0x50 src/ASF/sam/drivers/pio/pio_handler.o
 .debug_ranges  0x000005b8      0x240 src/ASF/sam/drivers/pmc/pmc.o
 .debug_ranges  0x000007f8       0xc8 src/ASF/sam/drivers/uart/uart.o
 .debug_ranges  0x000008c0      0x298 src/ASF/sam/drivers/usart/usart.o
 .debug_ranges  0x00000b58       0x18 src/ASF/sam/utils/cmsis/same70/source/templates/gcc/startup_same70.o
 .debug_ranges  0x00000b70       0x20 src/ASF/sam/utils/cmsis/same70/source/templates/system_same70.o
 .debug_ranges  0x00000b90       0x50 src/ASF/sam/utils/syscalls/gcc/syscalls.o

.debug_macro    0x00000000    0x2038a
 .debug_macro   0x00000000      0x827 src/main.o
 .debug_macro   0x00000827      0x8aa src/main.o
 .debug_macro   0x000010d1       0x22 src/main.o
 .debug_macro   0x000010f3       0x4c src/main.o
 .debug_macro   0x0000113f       0x8d src/main.o
 .debug_macro   0x000011cc       0x35 src/main.o
 .debug_macro   0x00001201       0x9c src/main.o
 .debug_macro   0x0000129d       0x16 src/main.o
 .debug_macro   0x000012b3       0x4a src/main.o
 .debug_macro   0x000012fd       0x97 src/main.o
 .debug_macro   0x00001394      0x330 src/main.o
 .debug_macro   0x000016c4       0xf6 src/main.o
 .debug_macro   0x000017ba       0x10 src/main.o
 .debug_macro   0x000017ca       0x52 src/main.o
 .debug_macro   0x0000181c       0x16 src/main.o
 .debug_macro   0x00001832       0x43 src/main.o
 .debug_macro   0x00001875      0x187 src/main.o
 .debug_macro   0x000019fc       0x22 src/main.o
 .debug_macro   0x00001a1e       0x22 src/main.o
 .debug_macro   0x00001a40       0x3a src/main.o
 .debug_macro   0x00001a7a       0x10 src/main.o
 .debug_macro   0x00001a8a       0x40 src/main.o
 .debug_macro   0x00001aca       0x6c src/main.o
 .debug_macro   0x00001b36       0x16 src/main.o
 .debug_macro   0x00001b4c      0x182 src/main.o
 .debug_macro   0x00001cce       0x16 src/main.o
 .debug_macro   0x00001ce4       0x35 src/main.o
 .debug_macro   0x00001d19       0x16 src/main.o
 .debug_macro   0x00001d2f      0x64b src/main.o
 .debug_macro   0x0000237a       0x76 src/main.o
 .debug_macro   0x000023f0       0x16 src/main.o
 .debug_macro   0x00002406      0x6e4 src/main.o
 .debug_macro   0x00002aea       0xfd src/main.o
 .debug_macro   0x00002be7      0x1df src/main.o
 .debug_macro   0x00002dc6       0x4a src/main.o
 .debug_macro   0x00002e10       0x3b src/main.o
 .debug_macro   0x00002e4b       0x2d src/main.o
 .debug_macro   0x00002e78       0x26 src/main.o
 .debug_macro   0x00002e9e      0xf9a src/main.o
 .debug_macro   0x00003e38      0x175 src/main.o
 .debug_macro   0x00003fad      0x257 src/main.o
 .debug_macro   0x00004204      0xa0f src/main.o
 .debug_macro   0x00004c13      0x1b9 src/main.o
 .debug_macro   0x00004dcc      0x336 src/main.o
 .debug_macro   0x00005102      0x15b src/main.o
 .debug_macro   0x0000525d     0x1851 src/main.o
 .debug_macro   0x00006aae       0x1c src/main.o
 .debug_macro   0x00006aca      0x68d src/main.o
 .debug_macro   0x00007157      0x31e src/main.o
 .debug_macro   0x00007475      0x4d4 src/main.o
 .debug_macro   0x00007949      0x56e src/main.o
 .debug_macro   0x00007eb7     0x1332 src/main.o
 .debug_macro   0x000091e9     0x278d src/main.o
 .debug_macro   0x0000b976     0x102b src/main.o
 .debug_macro   0x0000c9a1      0xe01 src/main.o
 .debug_macro   0x0000d7a2      0x3b1 src/main.o
 .debug_macro   0x0000db53       0xa0 src/main.o
 .debug_macro   0x0000dbf3       0x76 src/main.o
 .debug_macro   0x0000dc69      0x409 src/main.o
 .debug_macro   0x0000e072       0x64 src/main.o
 .debug_macro   0x0000e0d6      0x284 src/main.o
 .debug_macro   0x0000e35a      0x1d0 src/main.o
 .debug_macro   0x0000e52a      0x248 src/main.o
 .debug_macro   0x0000e772      0x524 src/main.o
 .debug_macro   0x0000ec96      0x63b src/main.o
 .debug_macro   0x0000f2d1      0x6b8 src/main.o
 .debug_macro   0x0000f989       0x4c src/main.o
 .debug_macro   0x0000f9d5      0x468 src/main.o
 .debug_macro   0x0000fe3d      0x207 src/main.o
 .debug_macro   0x00010044      0x866 src/main.o
 .debug_macro   0x000108aa     0x1547 src/main.o
 .debug_macro   0x00011df1       0x40 src/main.o
 .debug_macro   0x00011e31       0x76 src/main.o
 .debug_macro   0x00011ea7      0xdaf src/main.o
 .debug_macro   0x00012c56       0x82 src/main.o
 .debug_macro   0x00012cd8       0x76 src/main.o
 .debug_macro   0x00012d4e       0x4c src/main.o
 .debug_macro   0x00012d9a      0x135 src/main.o
 .debug_macro   0x00012ecf      0x135 src/main.o
 .debug_macro   0x00013004      0x135 src/main.o
 .debug_macro   0x00013139       0x6a src/main.o
 .debug_macro   0x000131a3       0x6a src/main.o
 .debug_macro   0x0001320d      0x313 src/main.o
 .debug_macro   0x00013520       0xb2 src/main.o
 .debug_macro   0x000135d2       0xb2 src/main.o
 .debug_macro   0x00013684       0xb2 src/main.o
 .debug_macro   0x00013736      0x11d src/main.o
 .debug_macro   0x00013853      0x11d src/main.o
 .debug_macro   0x00013970      0x2cd src/main.o
 .debug_macro   0x00013c3d       0xb8 src/main.o
 .debug_macro   0x00013cf5       0x5e src/main.o
 .debug_macro   0x00013d53       0x40 src/main.o
 .debug_macro   0x00013d93       0x4c src/main.o
 .debug_macro   0x00013ddf       0xa0 src/main.o
 .debug_macro   0x00013e7f      0x494 src/main.o
 .debug_macro   0x00014313      0x135 src/main.o
 .debug_macro   0x00014448       0x4c src/main.o
 .debug_macro   0x00014494      0x313 src/main.o
 .debug_macro   0x000147a7       0x6a src/main.o
 .debug_macro   0x00014811       0xb8 src/main.o
 .debug_macro   0x000148c9       0x6a src/main.o
 .debug_macro   0x00014933       0x2e src/main.o
 .debug_macro   0x00014961      0x9b1 src/main.o
 .debug_macro   0x00015312       0x6a src/main.o
 .debug_macro   0x0001537c       0x88 src/main.o
 .debug_macro   0x00015404       0x58 src/main.o
 .debug_macro   0x0001545c       0xe2 src/main.o
 .debug_macro   0x0001553e       0x16 src/main.o
 .debug_macro   0x00015554       0xe2 src/main.o
 .debug_macro   0x00015636       0x4c src/main.o
 .debug_macro   0x00015682       0x16 src/main.o
 .debug_macro   0x00015698       0x4c src/main.o
 .debug_macro   0x000156e4       0x2e src/main.o
 .debug_macro   0x00015712      0x1b5 src/main.o
 .debug_macro   0x000158c7      0x1b5 src/main.o
 .debug_macro   0x00015a7c      0x1b5 src/main.o
 .debug_macro   0x00015c31      0x1b5 src/main.o
 .debug_macro   0x00015de6      0x1b5 src/main.o
 .debug_macro   0x00015f9b       0x1c src/main.o
 .debug_macro   0x00015fb7       0x2e src/main.o
 .debug_macro   0x00015fe5       0x22 src/main.o
 .debug_macro   0x00016007       0x1c src/main.o
 .debug_macro   0x00016023       0x52 src/main.o
 .debug_macro   0x00016075       0x10 src/main.o
 .debug_macro   0x00016085       0x1c src/main.o
 .debug_macro   0x000160a1       0x4c src/main.o
 .debug_macro   0x000160ed       0x4c src/main.o
 .debug_macro   0x00016139       0x4c src/main.o
 .debug_macro   0x00016185      0x31b src/main.o
 .debug_macro   0x000164a0     0x1022 src/main.o
 .debug_macro   0x000174c2      0x107 src/main.o
 .debug_macro   0x000175c9       0x22 src/main.o
 .debug_macro   0x000175eb       0x16 src/main.o
 .debug_macro   0x00017601       0x16 src/main.o
 .debug_macro   0x00017617       0x29 src/main.o
 .debug_macro   0x00017640       0x75 src/main.o
 .debug_macro   0x000176b5       0x3f src/main.o
 .debug_macro   0x000176f4      0x3ca src/main.o
 .debug_macro   0x00017abe       0x12 src/main.o
 .debug_macro   0x00017ad0       0x3a src/main.o
 .debug_macro   0x00017b0a      0x2c6 src/main.o
 .debug_macro   0x00017dd0      0xa96 src/main.o
 .debug_macro   0x00018866       0x70 src/main.o
 .debug_macro   0x000188d6       0x64 src/main.o
 .debug_macro   0x0001893a       0x5f src/main.o
 .debug_macro   0x00018999       0xac src/main.o
 .debug_macro   0x00018a45       0x28 src/main.o
 .debug_macro   0x00018a6d       0x23 src/main.o
 .debug_macro   0x00018a90       0x94 src/main.o
 .debug_macro   0x00018b24       0x40 src/main.o
 .debug_macro   0x00018b64       0x88 src/main.o
 .debug_macro   0x00018bec      0x1ce src/main.o
 .debug_macro   0x00018dba       0x34 src/main.o
 .debug_macro   0x00018dee       0x16 src/main.o
 .debug_macro   0x00018e04       0x1c src/main.o
 .debug_macro   0x00018e20       0x10 src/main.o
 .debug_macro   0x00018e30       0x1c src/main.o
 .debug_macro   0x00018e4c       0x3a src/main.o
 .debug_macro   0x00018e86       0x28 src/main.o
 .debug_macro   0x00018eae      0x637 src/ASF/common/services/delay/sam/cycle_counter.o
 .debug_macro   0x000194e5      0x16d src/ASF/common/services/delay/sam/cycle_counter.o
 .debug_macro   0x00019652       0x87 src/ASF/common/services/delay/sam/cycle_counter.o
 .debug_macro   0x000196d9       0x44 src/ASF/common/services/delay/sam/cycle_counter.o
 .debug_macro   0x0001971d       0x52 src/ASF/common/services/delay/sam/cycle_counter.o
 .debug_macro   0x0001976f       0x22 src/ASF/common/services/delay/sam/cycle_counter.o
 .debug_macro   0x00019791      0x64a src/ASF/sam/drivers/rtc/rtc.o
 .debug_macro   0x00019ddb      0x63f src/ASF/sam/drivers/tc/tc.o
 .debug_macro   0x0001a41a       0x1c src/ASF/sam/drivers/tc/tc.o
 .debug_macro   0x0001a436      0x6a1 src/ASF/common/services/clock/same70/sysclk.o
 .debug_macro   0x0001aad7      0x2c0 src/ASF/common/services/clock/same70/sysclk.o
 .debug_macro   0x0001ad97      0x651 src/ASF/common/services/sleepmgr/sam/sleepmgr.o
 .debug_macro   0x0001b3e8      0x627 src/ASF/common/utils/interrupt/interrupt_sam_nvic.o
 .debug_macro   0x0001ba0f      0x627 src/ASF/common/utils/stdio/read.o
 .debug_macro   0x0001c036      0x627 src/ASF/common/utils/stdio/write.o
 .debug_macro   0x0001c65d      0x6dd src/ASF/sam/boards/same70_xplained/init.o
 .debug_macro   0x0001cd3a       0x16 src/ASF/sam/boards/same70_xplained/init.o
 .debug_macro   0x0001cd50       0x82 src/ASF/sam/boards/same70_xplained/init.o
 .debug_macro   0x0001cdd2      0x6fe src/ASF/sam/drivers/afec/afec.o
 .debug_macro   0x0001d4d0      0x63d src/ASF/sam/drivers/pio/pio.o
 .debug_macro   0x0001db0d       0x8e src/ASF/sam/drivers/pio/pio.o
 .debug_macro   0x0001db9b      0x648 src/ASF/sam/drivers/pio/pio_handler.o
 .debug_macro   0x0001e1e3      0x63d src/ASF/sam/drivers/pmc/pmc.o
 .debug_macro   0x0001e820       0x6a src/ASF/sam/drivers/pmc/pmc.o
 .debug_macro   0x0001e88a      0x637 src/ASF/sam/drivers/uart/uart.o
 .debug_macro   0x0001eec1       0x16 src/ASF/sam/drivers/uart/uart.o
 .debug_macro   0x0001eed7      0x66d src/ASF/sam/drivers/usart/usart.o
 .debug_macro   0x0001f544       0x34 src/ASF/sam/drivers/usart/usart.o
 .debug_macro   0x0001f578      0x636 src/ASF/sam/utils/cmsis/same70/source/templates/gcc/startup_same70.o
 .debug_macro   0x0001fbae       0x10 src/ASF/sam/utils/cmsis/same70/source/templates/gcc/startup_same70.o
 .debug_macro   0x0001fbbe      0x455 src/ASF/sam/utils/cmsis/same70/source/templates/system_same70.o
 .debug_macro   0x00020013      0x19c src/ASF/sam/utils/syscalls/gcc/syscalls.o
 .debug_macro   0x000201af       0x52 src/ASF/sam/utils/syscalls/gcc/syscalls.o
 .debug_macro   0x00020201       0x16 src/ASF/sam/utils/syscalls/gcc/syscalls.o
 .debug_macro   0x00020217       0x10 src/ASF/sam/utils/syscalls/gcc/syscalls.o
 .debug_macro   0x00020227       0x41 src/ASF/sam/utils/syscalls/gcc/syscalls.o
 .debug_macro   0x00020268      0x122 src/ASF/sam/utils/syscalls/gcc/syscalls.o

.debug_line     0x00000000     0xd8d7
 .debug_line    0x00000000     0x1041 src/main.o
 .debug_line    0x00001041      0x9c1 src/ASF/common/services/delay/sam/cycle_counter.o
 .debug_line    0x00001a02      0xb8c src/ASF/sam/drivers/rtc/rtc.o
 .debug_line    0x0000258e      0xb58 src/ASF/sam/drivers/tc/tc.o
 .debug_line    0x000030e6      0xb1f src/ASF/common/services/clock/same70/sysclk.o
 .debug_line    0x00003c05      0xa23 src/ASF/common/services/sleepmgr/sam/sleepmgr.o
 .debug_line    0x00004628      0x9d5 src/ASF/common/utils/interrupt/interrupt_sam_nvic.o
 .debug_line    0x00004ffd      0x9c6 src/ASF/common/utils/stdio/read.o
 .debug_line    0x000059c3      0x9b8 src/ASF/common/utils/stdio/write.o
 .debug_line    0x0000637b      0xc04 src/ASF/sam/boards/same70_xplained/init.o
 .debug_line    0x00006f7f      0xe73 src/ASF/sam/drivers/afec/afec.o
 .debug_line    0x00007df2      0xe89 src/ASF/sam/drivers/pio/pio.o
 .debug_line    0x00008c7b      0xa8a src/ASF/sam/drivers/pio/pio_handler.o
 .debug_line    0x00009705     0x1059 src/ASF/sam/drivers/pmc/pmc.o
 .debug_line    0x0000a75e      0xb4f src/ASF/sam/drivers/uart/uart.o
 .debug_line    0x0000b2ad     0x103e src/ASF/sam/drivers/usart/usart.o
 .debug_line    0x0000c2eb      0xa48 src/ASF/sam/utils/cmsis/same70/source/templates/gcc/startup_same70.o
 .debug_line    0x0000cd33      0x7d4 src/ASF/sam/utils/cmsis/same70/source/templates/system_same70.o
 .debug_line    0x0000d507      0x3d0 src/ASF/sam/utils/syscalls/gcc/syscalls.o

.debug_str      0x00000000    0x8c2a6
 .debug_str     0x00000000    0x8828d src/main.o
                              0x88a4f (size before relaxing)
 .debug_str     0x0008828d       0x87 src/ASF/common/services/delay/sam/cycle_counter.o
                              0x81563 (size before relaxing)
 .debug_str     0x00088314      0x2c2 src/ASF/sam/drivers/rtc/rtc.o
                              0x81725 (size before relaxing)
 .debug_str     0x000885d6      0x1fb src/ASF/sam/drivers/tc/tc.o
                              0x81746 (size before relaxing)
 .debug_str     0x000887d1      0x2d1 src/ASF/common/services/clock/same70/sysclk.o
                              0x85946 (size before relaxing)
 .debug_str     0x00088aa2       0xbd src/ASF/common/services/sleepmgr/sam/sleepmgr.o
                              0x81561 (size before relaxing)
 .debug_str     0x00088b5f       0x94 src/ASF/common/utils/interrupt/interrupt_sam_nvic.o
                              0x81425 (size before relaxing)
 .debug_str     0x00088bf3       0x2c src/ASF/common/utils/stdio/read.o
                              0x813d4 (size before relaxing)
 .debug_str     0x00088c1f       0x26 src/ASF/common/utils/stdio/write.o
                              0x813d6 (size before relaxing)
 .debug_str     0x00088c45      0x887 src/ASF/sam/boards/same70_xplained/init.o
                              0x8665b (size before relaxing)
 .debug_str     0x000894cc      0x5b9 src/ASF/sam/drivers/afec/afec.o
                              0x86a5e (size before relaxing)
 .debug_str     0x00089a85      0x58c src/ASF/sam/drivers/pio/pio.o
                              0x81f7b (size before relaxing)
 .debug_str     0x0008a011      0x101 src/ASF/sam/drivers/pio/pio_handler.o
                              0x81fec (size before relaxing)
 .debug_str     0x0008a112      0x7b7 src/ASF/sam/drivers/pmc/pmc.o
                              0x820df (size before relaxing)
 .debug_str     0x0008a8c9      0x206 src/ASF/sam/drivers/uart/uart.o
                              0x816d5 (size before relaxing)
 .debug_str     0x0008aacf      0x94a src/ASF/sam/drivers/usart/usart.o
                              0x81f6d (size before relaxing)
 .debug_str     0x0008b419      0x5e4 src/ASF/sam/utils/cmsis/same70/source/templates/gcc/startup_same70.o
                              0x81bcb (size before relaxing)
 .debug_str     0x0008b9fd      0x16f src/ASF/sam/utils/cmsis/same70/source/templates/system_same70.o
                              0x726be (size before relaxing)
 .debug_str     0x0008bb6c      0x73a src/ASF/sam/utils/syscalls/gcc/syscalls.o
                               0x6a00 (size before relaxing)

.debug_frame    0x00000000     0x266c
 .debug_frame   0x00000000       0xf8 src/main.o
 .debug_frame   0x000000f8       0x20 src/ASF/common/services/delay/sam/cycle_counter.o
 .debug_frame   0x00000118      0x1b4 src/ASF/sam/drivers/rtc/rtc.o
 .debug_frame   0x000002cc      0x1a4 src/ASF/sam/drivers/tc/tc.o
 .debug_frame   0x00000470       0x88 src/ASF/common/services/clock/same70/sysclk.o
 .debug_frame   0x000004f8       0x30 src/ASF/common/utils/interrupt/interrupt_sam_nvic.o
 .debug_frame   0x00000528       0x48 src/ASF/common/utils/stdio/read.o
 .debug_frame   0x00000570       0x48 src/ASF/common/utils/stdio/write.o
 .debug_frame   0x000005b8       0x30 src/ASF/sam/boards/same70_xplained/init.o
 .debug_frame   0x000005e8      0x1e0 src/ASF/sam/drivers/afec/afec.o
 .debug_frame   0x000007c8      0x398 src/ASF/sam/drivers/pio/pio.o
 .debug_frame   0x00000b60      0x110 src/ASF/sam/drivers/pio/pio_handler.o
 .debug_frame   0x00000c70      0x4f8 src/ASF/sam/drivers/pmc/pmc.o
 .debug_frame   0x00001168      0x19c src/ASF/sam/drivers/uart/uart.o
 .debug_frame   0x00001304      0x5c0 src/ASF/sam/drivers/usart/usart.o
 .debug_frame   0x000018c4       0x38 src/ASF/sam/utils/cmsis/same70/source/templates/gcc/startup_same70.o
 .debug_frame   0x000018fc       0x40 src/ASF/sam/utils/cmsis/same70/source/templates/system_same70.o
 .debug_frame   0x0000193c       0xa0 src/ASF/sam/utils/syscalls/gcc/syscalls.o
 .debug_frame   0x000019dc       0x2c c:/program files (x86)/atmel/studio/7.0/toolchain/arm/arm-gnu-toolchain/bin/../lib/gcc/arm-none-eabi/5.3.1/../../../../arm-none-eabi/lib/armv7e-m\libc.a(lib_a-init.o)
 .debug_frame   0x00001a08       0x74 c:/program files (x86)/atmel/studio/7.0/toolchain/arm/arm-gnu-toolchain/bin/../lib/gcc/arm-none-eabi/5.3.1/../../../../arm-none-eabi/lib/armv7e-m\libc.a(lib_a-iprintf.o)
 .debug_frame   0x00001a7c       0x34 c:/program files (x86)/atmel/studio/7.0/toolchain/arm/arm-gnu-toolchain/bin/../lib/gcc/arm-none-eabi/5.3.1/../../../../arm-none-eabi/lib/armv7e-m\libc.a(lib_a-memset.o)
 .debug_frame   0x00001ab0       0x48 c:/program files (x86)/atmel/studio/7.0/toolchain/arm/arm-gnu-toolchain/bin/../lib/gcc/arm-none-eabi/5.3.1/../../../../arm-none-eabi/lib/armv7e-m\libc.a(lib_a-puts.o)
 .debug_frame   0x00001af8       0x20 c:/program files (x86)/atmel/studio/7.0/toolchain/arm/arm-gnu-toolchain/bin/../lib/gcc/arm-none-eabi/5.3.1/../../../../arm-none-eabi/lib/armv7e-m\libc.a(lib_a-setbuf.o)
 .debug_frame   0x00001b18       0x50 c:/program files (x86)/atmel/studio/7.0/toolchain/arm/arm-gnu-toolchain/bin/../lib/gcc/arm-none-eabi/5.3.1/../../../../arm-none-eabi/lib/armv7e-m\libc.a(lib_a-setvbuf.o)
 .debug_frame   0x00001b68       0xc8 c:/program files (x86)/atmel/studio/7.0/toolchain/arm/arm-gnu-toolchain/bin/../lib/gcc/arm-none-eabi/5.3.1/../../../../arm-none-eabi/lib/armv7e-m\libc.a(lib_a-vfiprintf.o)
 .debug_frame   0x00001c30       0x2c c:/program files (x86)/atmel/studio/7.0/toolchain/arm/arm-gnu-toolchain/bin/../lib/gcc/arm-none-eabi/5.3.1/../../../../arm-none-eabi/lib/armv7e-m\libc.a(lib_a-wsetup.o)
 .debug_frame   0x00001c5c       0x50 c:/program files (x86)/atmel/studio/7.0/toolchain/arm/arm-gnu-toolchain/bin/../lib/gcc/arm-none-eabi/5.3.1/../../../../arm-none-eabi/lib/armv7e-m\libc.a(lib_a-__call_atexit.o)
 .debug_frame   0x00001cac       0x20 c:/program files (x86)/atmel/studio/7.0/toolchain/arm/arm-gnu-toolchain/bin/../lib/gcc/arm-none-eabi/5.3.1/../../../../arm-none-eabi/lib/armv7e-m\libc.a(lib_a-atexit.o)
 .debug_frame   0x00001ccc       0x6c c:/program files (x86)/atmel/studio/7.0/toolchain/arm/arm-gnu-toolchain/bin/../lib/gcc/arm-none-eabi/5.3.1/../../../../arm-none-eabi/lib/armv7e-m\libc.a(lib_a-fflush.o)
 .debug_frame   0x00001d38      0x124 c:/program files (x86)/atmel/studio/7.0/toolchain/arm/arm-gnu-toolchain/bin/../lib/gcc/arm-none-eabi/5.3.1/../../../../arm-none-eabi/lib/armv7e-m\libc.a(lib_a-findfp.o)
 .debug_frame   0x00001e5c       0x34 c:/program files (x86)/atmel/studio/7.0/toolchain/arm/arm-gnu-toolchain/bin/../lib/gcc/arm-none-eabi/5.3.1/../../../../arm-none-eabi/lib/armv7e-m\libc.a(lib_a-fini.o)
 .debug_frame   0x00001e90       0x8c c:/program files (x86)/atmel/studio/7.0/toolchain/arm/arm-gnu-toolchain/bin/../lib/gcc/arm-none-eabi/5.3.1/../../../../arm-none-eabi/lib/armv7e-m\libc.a(lib_a-fputwc.o)
 .debug_frame   0x00001f1c       0x74 c:/program files (x86)/atmel/studio/7.0/toolchain/arm/arm-gnu-toolchain/bin/../lib/gcc/arm-none-eabi/5.3.1/../../../../arm-none-eabi/lib/armv7e-m\libc.a(lib_a-freer.o)
 .debug_frame   0x00001f90       0x68 c:/program files (x86)/atmel/studio/7.0/toolchain/arm/arm-gnu-toolchain/bin/../lib/gcc/arm-none-eabi/5.3.1/../../../../arm-none-eabi/lib/armv7e-m\libc.a(lib_a-fvwrite.o)
 .debug_frame   0x00001ff8       0x54 c:/program files (x86)/atmel/studio/7.0/toolchain/arm/arm-gnu-toolchain/bin/../lib/gcc/arm-none-eabi/5.3.1/../../../../arm-none-eabi/lib/armv7e-m\libc.a(lib_a-fwalk.o)
 .debug_frame   0x0000204c       0x9c c:/program files (x86)/atmel/studio/7.0/toolchain/arm/arm-gnu-toolchain/bin/../lib/gcc/arm-none-eabi/5.3.1/../../../../arm-none-eabi/lib/armv7e-m\libc.a(lib_a-locale.o)
 .debug_frame   0x000020e8       0x68 c:/program files (x86)/atmel/studio/7.0/toolchain/arm/arm-gnu-toolchain/bin/../lib/gcc/arm-none-eabi/5.3.1/../../../../arm-none-eabi/lib/armv7e-m\libc.a(lib_a-makebuf.o)
 .debug_frame   0x00002150       0x30 c:/program files (x86)/atmel/studio/7.0/toolchain/arm/arm-gnu-toolchain/bin/../lib/gcc/arm-none-eabi/5.3.1/../../../../arm-none-eabi/lib/armv7e-m\libc.a(lib_a-malloc.o)
 .debug_frame   0x00002180       0x58 c:/program files (x86)/atmel/studio/7.0/toolchain/arm/arm-gnu-toolchain/bin/../lib/gcc/arm-none-eabi/5.3.1/../../../../arm-none-eabi/lib/armv7e-m\libc.a(lib_a-mallocr.o)
 .debug_frame   0x000021d8       0x30 c:/program files (x86)/atmel/studio/7.0/toolchain/arm/arm-gnu-toolchain/bin/../lib/gcc/arm-none-eabi/5.3.1/../../../../arm-none-eabi/lib/armv7e-m\libc.a(lib_a-memmove.o)
 .debug_frame   0x00002208       0x30 c:/program files (x86)/atmel/studio/7.0/toolchain/arm/arm-gnu-toolchain/bin/../lib/gcc/arm-none-eabi/5.3.1/../../../../arm-none-eabi/lib/armv7e-m\libc.a(lib_a-mlock.o)
 .debug_frame   0x00002238       0x60 c:/program files (x86)/atmel/studio/7.0/toolchain/arm/arm-gnu-toolchain/bin/../lib/gcc/arm-none-eabi/5.3.1/../../../../arm-none-eabi/lib/armv7e-m\libc.a(lib_a-reallocr.o)
 .debug_frame   0x00002298       0x2c c:/program files (x86)/atmel/studio/7.0/toolchain/arm/arm-gnu-toolchain/bin/../lib/gcc/arm-none-eabi/5.3.1/../../../../arm-none-eabi/lib/armv7e-m\libc.a(lib_a-sbrkr.o)
 .debug_frame   0x000022c4       0x88 c:/program files (x86)/atmel/studio/7.0/toolchain/arm/arm-gnu-toolchain/bin/../lib/gcc/arm-none-eabi/5.3.1/../../../../arm-none-eabi/lib/armv7e-m\libc.a(lib_a-stdio.o)
 .debug_frame   0x0000234c       0x40 c:/program files (x86)/atmel/studio/7.0/toolchain/arm/arm-gnu-toolchain/bin/../lib/gcc/arm-none-eabi/5.3.1/../../../../arm-none-eabi/lib/armv7e-m\libc.a(lib_a-wbuf.o)
 .debug_frame   0x0000238c       0x60 c:/program files (x86)/atmel/studio/7.0/toolchain/arm/arm-gnu-toolchain/bin/../lib/gcc/arm-none-eabi/5.3.1/../../../../arm-none-eabi/lib/armv7e-m\libc.a(lib_a-wcrtomb.o)
 .debug_frame   0x000023ec       0x48 c:/program files (x86)/atmel/studio/7.0/toolchain/arm/arm-gnu-toolchain/bin/../lib/gcc/arm-none-eabi/5.3.1/../../../../arm-none-eabi/lib/armv7e-m\libc.a(lib_a-wctomb_r.o)
 .debug_frame   0x00002434       0x2c c:/program files (x86)/atmel/studio/7.0/toolchain/arm/arm-gnu-toolchain/bin/../lib/gcc/arm-none-eabi/5.3.1/../../../../arm-none-eabi/lib/armv7e-m\libc.a(lib_a-writer.o)
 .debug_frame   0x00002460       0x34 c:/program files (x86)/atmel/studio/7.0/toolchain/arm/arm-gnu-toolchain/bin/../lib/gcc/arm-none-eabi/5.3.1/../../../../arm-none-eabi/lib/armv7e-m\libc.a(lib_a-__atexit.o)
 .debug_frame   0x00002494       0x2c c:/program files (x86)/atmel/studio/7.0/toolchain/arm/arm-gnu-toolchain/bin/../lib/gcc/arm-none-eabi/5.3.1/../../../../arm-none-eabi/lib/armv7e-m\libc.a(lib_a-closer.o)
 .debug_frame   0x000024c0       0x44 c:/program files (x86)/atmel/studio/7.0/toolchain/arm/arm-gnu-toolchain/bin/../lib/gcc/arm-none-eabi/5.3.1/../../../../arm-none-eabi/lib/armv7e-m\libc.a(lib_a-fclose.o)
 .debug_frame   0x00002504       0x2c c:/program files (x86)/atmel/studio/7.0/toolchain/arm/arm-gnu-toolchain/bin/../lib/gcc/arm-none-eabi/5.3.1/../../../../arm-none-eabi/lib/armv7e-m\libc.a(lib_a-fstatr.o)
 .debug_frame   0x00002530       0x2c c:/program files (x86)/atmel/studio/7.0/toolchain/arm/arm-gnu-toolchain/bin/../lib/gcc/arm-none-eabi/5.3.1/../../../../arm-none-eabi/lib/armv7e-m\libc.a(lib_a-isattyr.o)
 .debug_frame   0x0000255c       0x2c c:/program files (x86)/atmel/studio/7.0/toolchain/arm/arm-gnu-toolchain/bin/../lib/gcc/arm-none-eabi/5.3.1/../../../../arm-none-eabi/lib/armv7e-m\libc.a(lib_a-lseekr.o)
 .debug_frame   0x00002588       0x2c c:/program files (x86)/atmel/studio/7.0/toolchain/arm/arm-gnu-toolchain/bin/../lib/gcc/arm-none-eabi/5.3.1/../../../../arm-none-eabi/lib/armv7e-m\libc.a(lib_a-readr.o)
 .debug_frame   0x000025b4       0x58 c:/program files (x86)/atmel/studio/7.0/toolchain/arm/arm-gnu-toolchain/bin/../lib/gcc/arm-none-eabi/5.3.1/../../../../arm-none-eabi/lib/armv7e-m\libc.a(lib_a-reent.o)
 .debug_frame   0x0000260c       0x2c c:/program files (x86)/atmel/studio/7.0/toolchain/arm/arm-gnu-toolchain/bin/../lib/gcc/arm-none-eabi/5.3.1/armv7e-m\libgcc.a(_aeabi_uldivmod.o)
 .debug_frame   0x00002638       0x34 c:/program files (x86)/atmel/studio/7.0/toolchain/arm/arm-gnu-toolchain/bin/../lib/gcc/arm-none-eabi/5.3.1/armv7e-m\libgcc.a(_udivmoddi4.o)

Cross Reference Table

Symbol                                            File
ACC_Handler                                       src/ASF/sam/utils/cmsis/same70/source/templates/gcc/startup_same70.o
AES_Handler                                       src/ASF/sam/utils/cmsis/same70/source/templates/gcc/startup_same70.o
AFEC0_Handler                                     src/ASF/sam/drivers/afec/afec.o
AFEC1_Handler                                     src/ASF/sam/drivers/afec/afec.o
BusFault_Handler                                  src/ASF/sam/utils/cmsis/same70/source/templates/gcc/startup_same70.o
DACC_Handler                                      src/ASF/sam/utils/cmsis/same70/source/templates/gcc/startup_same70.o
DebugMon_Handler                                  src/ASF/sam/utils/cmsis/same70/source/templates/gcc/startup_same70.o
Dummy_Handler                                     src/ASF/sam/utils/cmsis/same70/source/templates/gcc/startup_same70.o
EFC_Handler                                       src/ASF/sam/utils/cmsis/same70/source/templates/gcc/startup_same70.o
GMAC_Handler                                      src/ASF/sam/utils/cmsis/same70/source/templates/gcc/startup_same70.o
HSMCI_Handler                                     src/ASF/sam/utils/cmsis/same70/source/templates/gcc/startup_same70.o
HardFault_Handler                                 src/ASF/sam/utils/cmsis/same70/source/templates/gcc/startup_same70.o
ICM_Handler                                       src/ASF/sam/utils/cmsis/same70/source/templates/gcc/startup_same70.o
ISI_Handler                                       src/ASF/sam/utils/cmsis/same70/source/templates/gcc/startup_same70.o
MCAN0_Handler                                     src/ASF/sam/utils/cmsis/same70/source/templates/gcc/startup_same70.o
MCAN1_Handler                                     src/ASF/sam/utils/cmsis/same70/source/templates/gcc/startup_same70.o
MemManage_Handler                                 src/ASF/sam/utils/cmsis/same70/source/templates/gcc/startup_same70.o
NMI_Handler                                       src/ASF/sam/utils/cmsis/same70/source/templates/gcc/startup_same70.o
PIOA_Handler                                      src/ASF/sam/drivers/pio/pio_handler.o
PIOB_Handler                                      src/ASF/sam/drivers/pio/pio_handler.o
PIOC_Handler                                      src/ASF/sam/drivers/pio/pio_handler.o
PIOD_Handler                                      src/ASF/sam/drivers/pio/pio_handler.o
PIOE_Handler                                      src/ASF/sam/drivers/pio/pio_handler.o
PMC_Handler                                       src/ASF/sam/utils/cmsis/same70/source/templates/gcc/startup_same70.o
PWM0_Handler                                      src/ASF/sam/utils/cmsis/same70/source/templates/gcc/startup_same70.o
PWM1_Handler                                      src/ASF/sam/utils/cmsis/same70/source/templates/gcc/startup_same70.o
PendSV_Handler                                    src/ASF/sam/utils/cmsis/same70/source/templates/gcc/startup_same70.o
QSPI_Handler                                      src/ASF/sam/utils/cmsis/same70/source/templates/gcc/startup_same70.o
RSTC_Handler                                      src/ASF/sam/utils/cmsis/same70/source/templates/gcc/startup_same70.o
RSWDT_Handler                                     src/ASF/sam/utils/cmsis/same70/source/templates/gcc/startup_same70.o
RTC_Handler                                       src/main.o
RTC_init                                          src/main.o
RTT_Handler                                       src/ASF/sam/utils/cmsis/same70/source/templates/gcc/startup_same70.o
Reset_Handler                                     src/ASF/sam/utils/cmsis/same70/source/templates/gcc/startup_same70.o
SDRAMC_Handler                                    src/ASF/sam/utils/cmsis/same70/source/templates/gcc/startup_same70.o
SPI0_Handler                                      src/ASF/sam/utils/cmsis/same70/source/templates/gcc/startup_same70.o
SPI1_Handler                                      src/ASF/sam/utils/cmsis/same70/source/templates/gcc/startup_same70.o
SSC_Handler                                       src/ASF/sam/utils/cmsis/same70/source/templates/gcc/startup_same70.o
SUPC_Handler                                      src/ASF/sam/utils/cmsis/same70/source/templates/gcc/startup_same70.o
SVC_Handler                                       src/ASF/sam/utils/cmsis/same70/source/templates/gcc/startup_same70.o